Copyright 1986-2020 Xilinx, Inc. All Rights Reserved.
-----------------------------------------------------------------------------------------------------------------------------
| Tool Version : Vivado v.2020.2 (win64) Build 3064766 Wed Nov 18 09:12:45 MST 2020
| Date         : Thu Aug 20 20:01:53 2026
| Host         : DESKTOP-DLOB77A running 64-bit major release  (build 9200)
| Command      : report_utilization -file design_1_wrapper_utilization_placed.rpt -pb design_1_wrapper_utilization_placed.pb
| Design       : design_1_wrapper
| Device       : xczu3egsbva484-1
| Design State : Fully Placed
-----------------------------------------------------------------------------------------------------------------------------

Utilization Design Information

Table of Contents
-----------------
1. CLB Logic
1.1 Summary of Registers by Type
2. CLB Logic Distribution
3. BLOCKRAM
4. ARITHMETIC
5. I/O
6. CLOCK
7. ADVANCED
8. CONFIGURATION
9. Primitives
10. Black Boxes
11. Instantiated Netlists

1. CLB Logic
------------

+----------------------------+-------+-------+-----------+-------+
|          Site Type         |  Used | Fixed | Available | Util% |
+----------------------------+-------+-------+-----------+-------+
| CLB LUTs                   |  8120 |     0 |     70560 | 11.51 |
|   LUT as Logic             |  5791 |     0 |     70560 |  8.21 |
|   LUT as Memory            |  2329 |     0 |     28800 |  8.09 |
|     LUT as Distributed RAM |    56 |     0 |           |       |
|     LUT as Shift Register  |  2273 |     0 |           |       |
| CLB Registers              | 19212 |     0 |    141120 | 13.61 |
|   Register as Flip Flop    | 19212 |     0 |    141120 | 13.61 |
|   Register as Latch        |     0 |     0 |    141120 |  0.00 |
| CARRY8                     |   246 |     0 |      8820 |  2.79 |
| F7 Muxes                   |   274 |     0 |     35280 |  0.78 |
| F8 Muxes                   |    64 |     0 |     17640 |  0.36 |
| F9 Muxes                   |     0 |     0 |      8820 |  0.00 |
+----------------------------+-------+-------+-----------+-------+


1.1 Summary of Registers by Type
--------------------------------

+-------+--------------+-------------+--------------+
| Total | Clock Enable | Synchronous | Asynchronous |
+-------+--------------+-------------+--------------+
| 0     |            _ |           - |            - |
| 0     |            _ |           - |          Set |
| 0     |            _ |           - |        Reset |
| 0     |            _ |         Set |            - |
| 0     |            _ |       Reset |            - |
| 0     |          Yes |           - |            - |
| 71    |          Yes |           - |          Set |
| 315   |          Yes |           - |        Reset |
| 71    |          Yes |         Set |            - |
| 18755 |          Yes |       Reset |            - |
+-------+--------------+-------------+--------------+


2. CLB Logic Distribution
-------------------------

+--------------------------------------------+-------+-------+-----------+-------+
|                  Site Type                 |  Used | Fixed | Available | Util% |
+--------------------------------------------+-------+-------+-----------+-------+
| CLB                                        |  3299 |     0 |      8820 | 37.40 |
|   CLBL                                     |  1777 |     0 |           |       |
|   CLBM                                     |  1522 |     0 |           |       |
| LUT as Logic                               |  5791 |     0 |     70560 |  8.21 |
|   using O5 output only                     |    80 |       |           |       |
|   using O6 output only                     |  3937 |       |           |       |
|   using O5 and O6                          |  1774 |       |           |       |
| LUT as Memory                              |  2329 |     0 |     28800 |  8.09 |
|   LUT as Distributed RAM                   |    56 |     0 |           |       |
|     using O5 output only                   |     0 |       |           |       |
|     using O6 output only                   |     0 |       |           |       |
|     using O5 and O6                        |    56 |       |           |       |
|   LUT as Shift Register                    |  2273 |     0 |           |       |
|     using O5 output only                   |     5 |       |           |       |
|     using O6 output only                   |  1259 |       |           |       |
|     using O5 and O6                        |  1009 |       |           |       |
| CLB Registers                              | 19212 |     0 |    141120 | 13.61 |
|   Register driven from within the CLB      |  7632 |       |           |       |
|   Register driven from outside the CLB     | 11580 |       |           |       |
|     LUT in front of the register is unused | 10491 |       |           |       |
|     LUT in front of the register is used   |  1089 |       |           |       |
| Unique Control Sets                        |   315 |       |     17640 |  1.79 |
+--------------------------------------------+-------+-------+-----------+-------+
* * Note: Available Control Sets calculated as Slices * 2, Review the Control Sets Report for more information regarding control sets.


3. BLOCKRAM
-----------

+-------------------+-------+-------+-----------+-------+
|     Site Type     |  Used | Fixed | Available | Util% |
+-------------------+-------+-------+-----------+-------+
| Block RAM Tile    | 148.5 |     0 |       216 | 68.75 |
|   RAMB36/FIFO*    |   146 |     0 |       216 | 67.59 |
|     RAMB36E2 only |   146 |       |           |       |
|   RAMB18          |     5 |     0 |       432 |  1.16 |
|     RAMB18E2 only |     5 |       |           |       |
+-------------------+-------+-------+-----------+-------+
* Note: Each Block RAM Tile only has one FIFO logic available and therefore can accommodate only one FIFO36E2 or one FIFO18E2. However, if a FIFO18E2 occupies a Block RAM Tile, that tile can still accommodate a RAMB18E2


4. ARITHMETIC
-------------

+----------------+------+-------+-----------+-------+
|    Site Type   | Used | Fixed | Available | Util% |
+----------------+------+-------+-----------+-------+
| DSPs           |  274 |     0 |       360 | 76.11 |
|   DSP48E2 only |  274 |       |           |       |
+----------------+------+-------+-----------+-------+


5. I/O
------

+------------------+------+-------+-----------+-------+
|     Site Type    | Used | Fixed | Available | Util% |
+------------------+------+-------+-----------+-------+
| Bonded IOB       |    0 |     0 |        82 |  0.00 |
| HPIOB_M          |    0 |     0 |        26 |  0.00 |
| HPIOB_S          |    0 |     0 |        26 |  0.00 |
| HDIOB_M          |    0 |     0 |        12 |  0.00 |
| HDIOB_S          |    0 |     0 |        12 |  0.00 |
| HPIOB_SNGL       |    0 |     0 |         6 |  0.00 |
| HPIOBDIFFINBUF   |    0 |     0 |        72 |  0.00 |
| HPIOBDIFFOUTBUF  |    0 |     0 |        72 |  0.00 |
| HDIOBDIFFINBUF   |    0 |     0 |        48 |  0.00 |
| BITSLICE_CONTROL |    0 |     0 |        24 |  0.00 |
| BITSLICE_RX_TX   |    0 |     0 |       156 |  0.00 |
| BITSLICE_TX      |    0 |     0 |        24 |  0.00 |
| RIU_OR           |    0 |     0 |        12 |  0.00 |
+------------------+------+-------+-----------+-------+


6. CLOCK
--------

+----------------------+------+-------+-----------+-------+
|       Site Type      | Used | Fixed | Available | Util% |
+----------------------+------+-------+-----------+-------+
| GLOBAL CLOCK BUFFERs |    2 |     0 |       196 |  1.02 |
|   BUFGCE             |    1 |     0 |        88 |  1.14 |
|   BUFGCE_DIV         |    0 |     0 |        12 |  0.00 |
|   BUFG_PS            |    1 |     0 |        72 |  1.39 |
|   BUFGCTRL*          |    0 |     0 |        24 |  0.00 |
| PLL                  |    0 |     0 |         6 |  0.00 |
| MMCM                 |    1 |     0 |         3 | 33.33 |
+----------------------+------+-------+-----------+-------+
* Note: Each used BUFGCTRL counts as two GLOBAL CLOCK BUFFERs. This table does not include global clocking resources, only buffer cell usage. See the Clock Utilization Report (report_clock_utilization) for detailed accounting of global clocking resource availability.


7. ADVANCED
-----------

+-----------+------+-------+-----------+--------+
| Site Type | Used | Fixed | Available |  Util% |
+-----------+------+-------+-----------+--------+
| PS8       |    1 |     0 |         1 | 100.00 |
| SYSMONE4  |    0 |     0 |         1 |   0.00 |
+-----------+------+-------+-----------+--------+


8. CONFIGURATION
----------------

+-------------+------+-------+-----------+-------+
|  Site Type  | Used | Fixed | Available | Util% |
+-------------+------+-------+-----------+-------+
| BSCANE2     |    0 |     0 |         4 |  0.00 |
| DNA_PORTE2  |    0 |     0 |         1 |  0.00 |
| EFUSE_USR   |    0 |     0 |         1 |  0.00 |
| FRAME_ECCE4 |    0 |     0 |         1 |  0.00 |
| ICAPE3      |    0 |     0 |         2 |  0.00 |
| MASTER_JTAG |    0 |     0 |         1 |  0.00 |
| STARTUPE3   |    0 |     0 |         1 |  0.00 |
+-------------+------+-------+-----------+-------+


9. Primitives
-------------

+------------+-------+---------------------+
|  Ref Name  |  Used | Functional Category |
+------------+-------+---------------------+
| FDRE       | 18755 |            Register |
| LUT2       |  3580 |                 CLB |
| SRL16E     |  3243 |                 CLB |
| LUT6       |  1767 |                 CLB |
| LUT3       |   949 |                 CLB |
| LUT5       |   587 |                 CLB |
| LUT4       |   495 |                 CLB |
| FDCE       |   315 |            Register |
| MUXF7      |   274 |                 CLB |
| DSP48E2    |   274 |          Arithmetic |
| CARRY8     |   246 |                 CLB |
| LUT1       |   187 |                 CLB |
| RAMB36E2   |   146 |            BLOCKRAM |
| RAMD32     |    98 |                 CLB |
| FDSE       |    71 |            Register |
| FDPE       |    71 |            Register |
| MUXF8      |    64 |                 CLB |
| SRLC32E    |    39 |                 CLB |
| RAMS32     |    14 |                 CLB |
| RAMB18E2   |     5 |            BLOCKRAM |
| PS8        |     1 |            Advanced |
| MMCME4_ADV |     1 |               Clock |
| BUFG_PS    |     1 |               Clock |
| BUFGCE     |     1 |               Clock |
+------------+-------+---------------------+


10. Black Boxes
---------------

+----------+------+
| Ref Name | Used |
+----------+------+


11. Instantiated Netlists
-------------------------

+------------------------------+------+
|           Ref Name           | Used |
+------------------------------+------+
| design_1_zynq_ultra_ps_e_0_0 |    1 |
| design_1_xbar_0              |    1 |
| design_1_rst_ps8_0_99M_0     |    1 |
| design_1_mobilenetV2_0_0     |    1 |
| design_1_axi_gpio_0_0        |    1 |
| design_1_auto_pc_0           |    1 |
| design_1_auto_ds_0           |    1 |
+------------------------------+------+


