Copyright 1986-2020 Xilinx, Inc. All Rights Reserved.
---------------------------------------------------------------------------------------------------------------
| Tool Version : Vivado v.2020.2 (win64) Build 3064766 Wed Nov 18 09:12:45 MST 2020
| Date         : Tue Jul  7 10:33:06 2026
| Host         : DESKTOP-DLOB77A running 64-bit major release  (build 9200)
| Command      : report_timing -sort_by group -max_paths 5 -path_type summary -file work/post_synth_timing.rpt
| Design       : memory
| Device       : 7z020-clg484
| Speed File   : -1  PRODUCTION 1.12 2019-11-22
---------------------------------------------------------------------------------------------------------------

Timing Report

Startpoint                     Endpoint                       Slack(ns)     
----------------------------------------------------------------------------
mem_reg/CLKARDCLK              dout[0]                        inf           
mem_reg/CLKARDCLK              dout[1]                        inf           
mem_reg/CLKARDCLK              dout[2]                        inf           
mem_reg/CLKARDCLK              dout[3]                        inf           
mem_reg/CLKARDCLK              dout[4]                        inf           



