Copyright 1986-2020 Xilinx, Inc. All Rights Reserved.
-------------------------------------------------------------------------------------------------------------------------------------------------------
| Tool Version : Vivado v.2020.2 (win64) Build 3064766 Wed Nov 18 09:12:45 MST 2020
| Date         : Mon Aug 24 12:42:08 2026
| Host         : DESKTOP-DLOB77A running 64-bit major release  (build 9200)
| Command      : report_utilization -hierarchical -file C:/Users/user/Documents/JH/project_mobilenetV2/power_compare/results/mac_accum/utilization.rpt
| Design       : pw_mac_accum_core
| Device       : xczu3egsbva484-1
| Design State : Routed
-------------------------------------------------------------------------------------------------------------------------------------------------------

Utilization Design Information

Table of Contents
-----------------
1. Utilization by Hierarchy

1. Utilization by Hierarchy
---------------------------

+-------------------+--------+------------+------------+---------+------+------+--------+--------+------+------------+
|      Instance     | Module | Total LUTs | Logic LUTs | LUTRAMs | SRLs |  FFs | RAMB36 | RAMB18 | URAM | DSP Blocks |
+-------------------+--------+------------+------------+---------+------+------+--------+--------+------+------------+
| pw_mac_accum_core |  (top) |        926 |        926 |       0 |    0 | 1841 |      0 |      0 |    0 |         64 |
+-------------------+--------+------------+------------+---------+------+------+--------+--------+------+------------+
* Note: The sum of lower-level cells may be larger than their parent cells total, due to cross-hierarchy LUT combining


