Copyright 1986-2020 Xilinx, Inc. All Rights Reserved.
------------------------------------------------------------------------------------------------------------------------------------------------------------------------------------
| Tool Version      : Vivado v.2020.2 (win64) Build 3064766 Wed Nov 18 09:12:45 MST 2020
| Date              : Mon Aug 24 12:52:42 2026
| Host              : DESKTOP-DLOB77A running 64-bit major release  (build 9200)
| Command           : report_timing_summary -delay_type min_max -max_paths 10 -file C:/Users/user/Documents/JH/project_mobilenetV2/power_compare/results/cascade/timing_summary.rpt
| Design            : pointwise_after_depth
| Device            : xczu3eg-sbva484
| Speed File        : -1  PRODUCTION 1.29 08-03-2020
| Temperature Grade : E
------------------------------------------------------------------------------------------------------------------------------------------------------------------------------------

Timing Summary Report

------------------------------------------------------------------------------------------------
| Timer Settings
| --------------
------------------------------------------------------------------------------------------------

  Enable Multi Corner Analysis               :  Yes
  Enable Pessimism Removal                   :  Yes
  Pessimism Removal Resolution               :  Nearest Common Node
  Enable Input Delay Default Clock           :  No
  Enable Preset / Clear Arcs                 :  No
  Disable Flight Delays                      :  No
  Ignore I/O Paths                           :  No
  Timing Early Launch at Borrowing Latches   :  No
  Borrow Time for Max Delay Exceptions       :  Yes
  Merge Timing Exceptions                    :  Yes

  Corner  Analyze    Analyze    
  Name    Max Paths  Min Paths  
  ------  ---------  ---------  
  Slow    Yes        Yes        
  Fast    Yes        Yes        



check_timing report

Table of Contents
-----------------
1. checking no_clock (0)
2. checking constant_clock (0)
3. checking pulse_width_clock (0)
4. checking unconstrained_internal_endpoints (0)
5. checking no_input_delay (2052)
6. checking no_output_delay (18)
7. checking multiple_clock (0)
8. checking generated_clocks (0)
9. checking loops (0)
10. checking partial_input_delay (0)
11. checking partial_output_delay (0)
12. checking latch_loops (0)

1. checking no_clock (0)
------------------------
 There are 0 register/latch pins with no clock.


2. checking constant_clock (0)
------------------------------
 There are 0 register/latch pins with constant_clock.


3. checking pulse_width_clock (0)
---------------------------------
 There are 0 register/latch pins which need pulse_width check


4. checking unconstrained_internal_endpoints (0)
------------------------------------------------
 There are 0 pins that are not constrained for maximum delay.

 There are 0 pins that are not constrained for maximum delay due to constant clock.


5. checking no_input_delay (2052)
---------------------------------
 There are 2052 input ports with no input delay specified. (HIGH)

 There are 0 input ports with no input delay but user has a false path constraint.


6. checking no_output_delay (18)
--------------------------------
 There are 18 ports with no output delay specified. (HIGH)

 There are 0 ports with no output delay but user has a false path constraint

 There are 0 ports with no output delay but with a timing clock defined on it or propagating through it


7. checking multiple_clock (0)
------------------------------
 There are 0 register/latch pins with multiple clocks.


8. checking generated_clocks (0)
--------------------------------
 There are 0 generated clocks that are not connected to a clock source.


9. checking loops (0)
---------------------
 There are 0 combinational loops in the design.


10. checking partial_input_delay (0)
------------------------------------
 There are 0 input ports with partial input delay specified.


11. checking partial_output_delay (0)
-------------------------------------
 There are 0 ports with partial output delay specified.


12. checking latch_loops (0)
----------------------------
 There are 0 combinational latch loops in the design through latch input



------------------------------------------------------------------------------------------------
| Design Timing Summary
| ---------------------
------------------------------------------------------------------------------------------------

    WNS(ns)      TNS(ns)  TNS Failing Endpoints  TNS Total Endpoints      WHS(ns)      THS(ns)  THS Failing Endpoints  THS Total Endpoints     WPWS(ns)     TPWS(ns)  TPWS Failing Endpoints  TPWS Total Endpoints  
    -------      -------  ---------------------  -------------------      -------      -------  ---------------------  -------------------     --------     --------  ----------------------  --------------------  
      0.836        0.000                      0                14659        0.029        0.000                      0                14659        0.677        0.000                       0                  5383  


All user specified timing constraints are met.


------------------------------------------------------------------------------------------------
| Clock Summary
| -------------
------------------------------------------------------------------------------------------------

Clock  Waveform(ns)         Period(ns)      Frequency(MHz)
-----  ------------         ----------      --------------
clk    {0.000 1.250}        2.500           400.000         


------------------------------------------------------------------------------------------------
| Intra Clock Table
| -----------------
------------------------------------------------------------------------------------------------

Clock             WNS(ns)      TNS(ns)  TNS Failing Endpoints  TNS Total Endpoints      WHS(ns)      THS(ns)  THS Failing Endpoints  THS Total Endpoints     WPWS(ns)     TPWS(ns)  TPWS Failing Endpoints  TPWS Total Endpoints  
-----             -------      -------  ---------------------  -------------------      -------      -------  ---------------------  -------------------     --------     --------  ----------------------  --------------------  
clk                 0.836        0.000                      0                14659        0.029        0.000                      0                14659        0.677        0.000                       0                  5383  


------------------------------------------------------------------------------------------------
| Inter Clock Table
| -----------------
------------------------------------------------------------------------------------------------

From Clock    To Clock          WNS(ns)      TNS(ns)  TNS Failing Endpoints  TNS Total Endpoints      WHS(ns)      THS(ns)  THS Failing Endpoints  THS Total Endpoints  
----------    --------          -------      -------  ---------------------  -------------------      -------      -------  ---------------------  -------------------  


------------------------------------------------------------------------------------------------
| Other Path Groups Table
| -----------------------
------------------------------------------------------------------------------------------------

Path Group    From Clock    To Clock          WNS(ns)      TNS(ns)  TNS Failing Endpoints  TNS Total Endpoints      WHS(ns)      THS(ns)  THS Failing Endpoints  THS Total Endpoints  
----------    ----------    --------          -------      -------  ---------------------  -------------------      -------      -------  ---------------------  -------------------  


------------------------------------------------------------------------------------------------
| Timing Details
| --------------
------------------------------------------------------------------------------------------------


---------------------------------------------------------------------------------------------------
From Clock:  clk
  To Clock:  clk

Setup :            0  Failing Endpoints,  Worst Slack        0.836ns,  Total Violation        0.000ns
Hold  :            0  Failing Endpoints,  Worst Slack        0.029ns,  Total Violation        0.000ns
PW    :            0  Failing Endpoints,  Worst Slack        0.677ns,  Total Violation        0.000ns
---------------------------------------------------------------------------------------------------


Max Delay Paths
--------------------------------------------------------------------------------------
Slack (MET) :             0.836ns  (required time - arrival time)
  Source:                 genblk1[44].b_sr_reg[3][3]/C
                            (rising edge-triggered cell FDRE clocked by clk  {rise@0.000ns fall@1.250ns period=2.500ns})
  Destination:            genblk2[5].genblk1[4].u_middle/U0/i_synth/i_synth_option.i_synth_model/opt_8series.i_uniwrap/i_primitive/DSP_A_B_DATA_INST/B[3]
                            (rising edge-triggered cell DSP_A_B_DATA clocked by clk  {rise@0.000ns fall@1.250ns period=2.500ns})
  Path Group:             clk
  Path Type:              Setup (Max at Slow Process Corner)
  Requirement:            2.500ns  (clk rise@2.500ns - clk rise@0.000ns)
  Data Path Delay:        1.322ns  (logic 0.096ns (7.262%)  route 1.226ns (92.738%))
  Logic Levels:           0  
  Clock Path Skew:        0.007ns (DCD - SCD + CPR)
    Destination Clock Delay (DCD):    0.044ns = ( 2.544 - 2.500 ) 
    Source Clock Delay      (SCD):    0.037ns
    Clock Pessimism Removal (CPR):    0.000ns
  Clock Uncertainty:      0.035ns  ((TSJ^2 + TIJ^2)^1/2 + DJ) / 2 + PE
    Total System Jitter     (TSJ):    0.071ns
    Total Input Jitter      (TIJ):    0.000ns
    Discrete Jitter          (DJ):    0.000ns
    Phase Error              (PE):    0.000ns

    Location             Delay type                Incr(ns)  Path(ns)    Netlist Resource(s)
  -------------------------------------------------------------------    -------------------
                         (clock clk rise edge)        0.000     0.000 r  
                                                      0.000     0.000 r  clk (IN)
                         net (fo=5638, unset)         0.037     0.037    clk
    SLICE_X14Y107        FDRE                                         r  genblk1[44].b_sr_reg[3][3]/C
  -------------------------------------------------------------------    -------------------
    SLICE_X14Y107        FDRE (Prop_DFF_SLICEM_C_Q)
                                                      0.096     0.133 r  genblk1[44].b_sr_reg[3][3]/Q
                         net (fo=1, routed)           1.226     1.359    genblk2[5].genblk1[4].u_middle/U0/i_synth/i_synth_option.i_synth_model/opt_8series.i_uniwrap/i_primitive/B[3]
    DSP48E2_X0Y53        DSP_A_B_DATA                                 r  genblk2[5].genblk1[4].u_middle/U0/i_synth/i_synth_option.i_synth_model/opt_8series.i_uniwrap/i_primitive/DSP_A_B_DATA_INST/B[3]
  -------------------------------------------------------------------    -------------------

                         (clock clk rise edge)        2.500     2.500 r  
                                                      0.000     2.500 r  clk (IN)
                         net (fo=5638, unset)         0.044     2.544    genblk2[5].genblk1[4].u_middle/U0/i_synth/i_synth_option.i_synth_model/opt_8series.i_uniwrap/i_primitive/CLK
    DSP48E2_X0Y53        DSP_A_B_DATA                                 r  genblk2[5].genblk1[4].u_middle/U0/i_synth/i_synth_option.i_synth_model/opt_8series.i_uniwrap/i_primitive/DSP_A_B_DATA_INST/CLK
                         clock pessimism              0.000     2.544    
                         clock uncertainty           -0.035     2.509    
    DSP48E2_X0Y53        DSP_A_B_DATA (Setup_DSP_A_B_DATA_DSP48E2_CLK_B[3])
                                                     -0.314     2.195    genblk2[5].genblk1[4].u_middle/U0/i_synth/i_synth_option.i_synth_model/opt_8series.i_uniwrap/i_primitive/DSP_A_B_DATA_INST
  -------------------------------------------------------------------
                         required time                          2.195    
                         arrival time                          -1.359    
  -------------------------------------------------------------------
                         slack                                  0.836    

Slack (MET) :             0.850ns  (required time - arrival time)
  Source:                 genblk2[6].u_last/U0/i_synth/i_synth_option.i_synth_model/opt_8series.i_uniwrap/i_primitive/DSP_OUTPUT_INST/CLK
                            (rising edge-triggered cell DSP_OUTPUT clocked by clk  {rise@0.000ns fall@1.250ns period=2.500ns})
  Destination:            adder_first_tree_reg[3][27]/D
                            (rising edge-triggered cell FDRE clocked by clk  {rise@0.000ns fall@1.250ns period=2.500ns})
  Path Group:             clk
  Path Type:              Setup (Max at Slow Process Corner)
  Requirement:            2.500ns  (clk rise@2.500ns - clk rise@0.000ns)
  Data Path Delay:        1.593ns  (logic 0.801ns (50.282%)  route 0.792ns (49.718%))
  Logic Levels:           5  (CARRY8=4 LUT2=1)
  Clock Path Skew:        -0.049ns (DCD - SCD + CPR)
    Destination Clock Delay (DCD):    0.026ns = ( 2.526 - 2.500 ) 
    Source Clock Delay      (SCD):    0.075ns
    Clock Pessimism Removal (CPR):    0.000ns
  Clock Uncertainty:      0.035ns  ((TSJ^2 + TIJ^2)^1/2 + DJ) / 2 + PE
    Total System Jitter     (TSJ):    0.071ns
    Total Input Jitter      (TIJ):    0.000ns
    Discrete Jitter          (DJ):    0.000ns
    Phase Error              (PE):    0.000ns

    Location             Delay type                Incr(ns)  Path(ns)    Netlist Resource(s)
  -------------------------------------------------------------------    -------------------
                         (clock clk rise edge)        0.000     0.000 r  
                                                      0.000     0.000 r  clk (IN)
                         net (fo=5638, unset)         0.075     0.075    genblk2[6].u_last/U0/i_synth/i_synth_option.i_synth_model/opt_8series.i_uniwrap/i_primitive/CLK
    DSP48E2_X0Y22        DSP_OUTPUT                                   r  genblk2[6].u_last/U0/i_synth/i_synth_option.i_synth_model/opt_8series.i_uniwrap/i_primitive/DSP_OUTPUT_INST/CLK
  -------------------------------------------------------------------    -------------------
    DSP48E2_X0Y22        DSP_OUTPUT (Prop_DSP_OUTPUT_DSP48E2_CLK_P[2])
                                                      0.274     0.349 r  genblk2[6].u_last/U0/i_synth/i_synth_option.i_synth_model/opt_8series.i_uniwrap/i_primitive/DSP_OUTPUT_INST/P[2]
                         net (fo=2, routed)           0.653     1.002    genblk2[6].u_last/group_sum[6][2]
    SLICE_X4Y90          LUT2 (Prop_C6LUT_SLICEM_I0_O)
                                                      0.174     1.176 r  genblk2[6].u_last/adder_first_tree[3][7]_i_7/O
                         net (fo=1, routed)           0.023     1.199    genblk2[6].u_last/adder_first_tree[3][7]_i_7_n_0
    SLICE_X4Y90          CARRY8 (Prop_CARRY8_SLICEM_S[2]_CO[7])
                                                      0.203     1.402 r  genblk2[6].u_last/adder_first_tree_reg[3][7]_i_1/CO[7]
                         net (fo=1, routed)           0.028     1.430    genblk2[6].u_last/adder_first_tree_reg[3][7]_i_1_n_0
    SLICE_X4Y91          CARRY8 (Prop_CARRY8_SLICEM_CI_CO[7])
                                                      0.023     1.453 r  genblk2[6].u_last/adder_first_tree_reg[3][15]_i_1/CO[7]
                         net (fo=1, routed)           0.028     1.481    genblk2[6].u_last/adder_first_tree_reg[3][15]_i_1_n_0
    SLICE_X4Y92          CARRY8 (Prop_CARRY8_SLICEM_CI_CO[7])
                                                      0.023     1.504 r  genblk2[6].u_last/adder_first_tree_reg[3][23]_i_1/CO[7]
                         net (fo=1, routed)           0.028     1.532    genblk2[6].u_last/adder_first_tree_reg[3][23]_i_1_n_0
    SLICE_X4Y93          CARRY8 (Prop_CARRY8_SLICEM_CI_O[3])
                                                      0.104     1.636 r  genblk2[6].u_last/adder_first_tree_reg[3][27]_i_1/O[3]
                         net (fo=1, routed)           0.032     1.668    genblk2[6].u_last_n_0
    SLICE_X4Y93          FDRE                                         r  adder_first_tree_reg[3][27]/D
  -------------------------------------------------------------------    -------------------

                         (clock clk rise edge)        2.500     2.500 r  
                                                      0.000     2.500 r  clk (IN)
                         net (fo=5638, unset)         0.026     2.526    clk
    SLICE_X4Y93          FDRE                                         r  adder_first_tree_reg[3][27]/C
                         clock pessimism              0.000     2.526    
                         clock uncertainty           -0.035     2.491    
    SLICE_X4Y93          FDRE (Setup_DFF_SLICEM_C_D)
                                                      0.027     2.518    adder_first_tree_reg[3][27]
  -------------------------------------------------------------------
                         required time                          2.518    
                         arrival time                          -1.668    
  -------------------------------------------------------------------
                         slack                                  0.850    

Slack (MET) :             0.858ns  (required time - arrival time)
  Source:                 genblk2[6].u_last/U0/i_synth/i_synth_option.i_synth_model/opt_8series.i_uniwrap/i_primitive/DSP_OUTPUT_INST/CLK
                            (rising edge-triggered cell DSP_OUTPUT clocked by clk  {rise@0.000ns fall@1.250ns period=2.500ns})
  Destination:            adder_first_tree_reg[3][25]/D
                            (rising edge-triggered cell FDRE clocked by clk  {rise@0.000ns fall@1.250ns period=2.500ns})
  Path Group:             clk
  Path Type:              Setup (Max at Slow Process Corner)
  Requirement:            2.500ns  (clk rise@2.500ns - clk rise@0.000ns)
  Data Path Delay:        1.585ns  (logic 0.794ns (50.095%)  route 0.791ns (49.905%))
  Logic Levels:           5  (CARRY8=4 LUT2=1)
  Clock Path Skew:        -0.049ns (DCD - SCD + CPR)
    Destination Clock Delay (DCD):    0.026ns = ( 2.526 - 2.500 ) 
    Source Clock Delay      (SCD):    0.075ns
    Clock Pessimism Removal (CPR):    0.000ns
  Clock Uncertainty:      0.035ns  ((TSJ^2 + TIJ^2)^1/2 + DJ) / 2 + PE
    Total System Jitter     (TSJ):    0.071ns
    Total Input Jitter      (TIJ):    0.000ns
    Discrete Jitter          (DJ):    0.000ns
    Phase Error              (PE):    0.000ns

    Location             Delay type                Incr(ns)  Path(ns)    Netlist Resource(s)
  -------------------------------------------------------------------    -------------------
                         (clock clk rise edge)        0.000     0.000 r  
                                                      0.000     0.000 r  clk (IN)
                         net (fo=5638, unset)         0.075     0.075    genblk2[6].u_last/U0/i_synth/i_synth_option.i_synth_model/opt_8series.i_uniwrap/i_primitive/CLK
    DSP48E2_X0Y22        DSP_OUTPUT                                   r  genblk2[6].u_last/U0/i_synth/i_synth_option.i_synth_model/opt_8series.i_uniwrap/i_primitive/DSP_OUTPUT_INST/CLK
  -------------------------------------------------------------------    -------------------
    DSP48E2_X0Y22        DSP_OUTPUT (Prop_DSP_OUTPUT_DSP48E2_CLK_P[2])
                                                      0.274     0.349 r  genblk2[6].u_last/U0/i_synth/i_synth_option.i_synth_model/opt_8series.i_uniwrap/i_primitive/DSP_OUTPUT_INST/P[2]
                         net (fo=2, routed)           0.653     1.002    genblk2[6].u_last/group_sum[6][2]
    SLICE_X4Y90          LUT2 (Prop_C6LUT_SLICEM_I0_O)
                                                      0.174     1.176 r  genblk2[6].u_last/adder_first_tree[3][7]_i_7/O
                         net (fo=1, routed)           0.023     1.199    genblk2[6].u_last/adder_first_tree[3][7]_i_7_n_0
    SLICE_X4Y90          CARRY8 (Prop_CARRY8_SLICEM_S[2]_CO[7])
                                                      0.203     1.402 r  genblk2[6].u_last/adder_first_tree_reg[3][7]_i_1/CO[7]
                         net (fo=1, routed)           0.028     1.430    genblk2[6].u_last/adder_first_tree_reg[3][7]_i_1_n_0
    SLICE_X4Y91          CARRY8 (Prop_CARRY8_SLICEM_CI_CO[7])
                                                      0.023     1.453 r  genblk2[6].u_last/adder_first_tree_reg[3][15]_i_1/CO[7]
                         net (fo=1, routed)           0.028     1.481    genblk2[6].u_last/adder_first_tree_reg[3][15]_i_1_n_0
    SLICE_X4Y92          CARRY8 (Prop_CARRY8_SLICEM_CI_CO[7])
                                                      0.023     1.504 r  genblk2[6].u_last/adder_first_tree_reg[3][23]_i_1/CO[7]
                         net (fo=1, routed)           0.028     1.532    genblk2[6].u_last/adder_first_tree_reg[3][23]_i_1_n_0
    SLICE_X4Y93          CARRY8 (Prop_CARRY8_SLICEM_CI_O[1])
                                                      0.097     1.629 r  genblk2[6].u_last/adder_first_tree_reg[3][27]_i_1/O[1]
                         net (fo=1, routed)           0.031     1.660    genblk2[6].u_last_n_2
    SLICE_X4Y93          FDRE                                         r  adder_first_tree_reg[3][25]/D
  -------------------------------------------------------------------    -------------------

                         (clock clk rise edge)        2.500     2.500 r  
                                                      0.000     2.500 r  clk (IN)
                         net (fo=5638, unset)         0.026     2.526    clk
    SLICE_X4Y93          FDRE                                         r  adder_first_tree_reg[3][25]/C
                         clock pessimism              0.000     2.526    
                         clock uncertainty           -0.035     2.491    
    SLICE_X4Y93          FDRE (Setup_BFF_SLICEM_C_D)
                                                      0.027     2.518    adder_first_tree_reg[3][25]
  -------------------------------------------------------------------
                         required time                          2.518    
                         arrival time                          -1.660    
  -------------------------------------------------------------------
                         slack                                  0.858    

Slack (MET) :             0.860ns  (required time - arrival time)
  Source:                 genblk2[6].u_last/U0/i_synth/i_synth_option.i_synth_model/opt_8series.i_uniwrap/i_primitive/DSP_OUTPUT_INST/CLK
                            (rising edge-triggered cell DSP_OUTPUT clocked by clk  {rise@0.000ns fall@1.250ns period=2.500ns})
  Destination:            adder_first_tree_reg[3][23]/D
                            (rising edge-triggered cell FDRE clocked by clk  {rise@0.000ns fall@1.250ns period=2.500ns})
  Path Group:             clk
  Path Type:              Setup (Max at Slow Process Corner)
  Requirement:            2.500ns  (clk rise@2.500ns - clk rise@0.000ns)
  Data Path Delay:        1.583ns  (logic 0.820ns (51.800%)  route 0.763ns (48.200%))
  Logic Levels:           4  (CARRY8=3 LUT2=1)
  Clock Path Skew:        -0.049ns (DCD - SCD + CPR)
    Destination Clock Delay (DCD):    0.026ns = ( 2.526 - 2.500 ) 
    Source Clock Delay      (SCD):    0.075ns
    Clock Pessimism Removal (CPR):    0.000ns
  Clock Uncertainty:      0.035ns  ((TSJ^2 + TIJ^2)^1/2 + DJ) / 2 + PE
    Total System Jitter     (TSJ):    0.071ns
    Total Input Jitter      (TIJ):    0.000ns
    Discrete Jitter          (DJ):    0.000ns
    Phase Error              (PE):    0.000ns

    Location             Delay type                Incr(ns)  Path(ns)    Netlist Resource(s)
  -------------------------------------------------------------------    -------------------
                         (clock clk rise edge)        0.000     0.000 r  
                                                      0.000     0.000 r  clk (IN)
                         net (fo=5638, unset)         0.075     0.075    genblk2[6].u_last/U0/i_synth/i_synth_option.i_synth_model/opt_8series.i_uniwrap/i_primitive/CLK
    DSP48E2_X0Y22        DSP_OUTPUT                                   r  genblk2[6].u_last/U0/i_synth/i_synth_option.i_synth_model/opt_8series.i_uniwrap/i_primitive/DSP_OUTPUT_INST/CLK
  -------------------------------------------------------------------    -------------------
    DSP48E2_X0Y22        DSP_OUTPUT (Prop_DSP_OUTPUT_DSP48E2_CLK_P[2])
                                                      0.274     0.349 r  genblk2[6].u_last/U0/i_synth/i_synth_option.i_synth_model/opt_8series.i_uniwrap/i_primitive/DSP_OUTPUT_INST/P[2]
                         net (fo=2, routed)           0.653     1.002    genblk2[6].u_last/group_sum[6][2]
    SLICE_X4Y90          LUT2 (Prop_C6LUT_SLICEM_I0_O)
                                                      0.174     1.176 r  genblk2[6].u_last/adder_first_tree[3][7]_i_7/O
                         net (fo=1, routed)           0.023     1.199    genblk2[6].u_last/adder_first_tree[3][7]_i_7_n_0
    SLICE_X4Y90          CARRY8 (Prop_CARRY8_SLICEM_S[2]_CO[7])
                                                      0.203     1.402 r  genblk2[6].u_last/adder_first_tree_reg[3][7]_i_1/CO[7]
                         net (fo=1, routed)           0.028     1.430    genblk2[6].u_last/adder_first_tree_reg[3][7]_i_1_n_0
    SLICE_X4Y91          CARRY8 (Prop_CARRY8_SLICEM_CI_CO[7])
                                                      0.023     1.453 r  genblk2[6].u_last/adder_first_tree_reg[3][15]_i_1/CO[7]
                         net (fo=1, routed)           0.028     1.481    genblk2[6].u_last/adder_first_tree_reg[3][15]_i_1_n_0
    SLICE_X4Y92          CARRY8 (Prop_CARRY8_SLICEM_CI_O[7])
                                                      0.146     1.627 r  genblk2[6].u_last/adder_first_tree_reg[3][23]_i_1/O[7]
                         net (fo=1, routed)           0.031     1.658    genblk2[6].u_last_n_4
    SLICE_X4Y92          FDRE                                         r  adder_first_tree_reg[3][23]/D
  -------------------------------------------------------------------    -------------------

                         (clock clk rise edge)        2.500     2.500 r  
                                                      0.000     2.500 r  clk (IN)
                         net (fo=5638, unset)         0.026     2.526    clk
    SLICE_X4Y92          FDRE                                         r  adder_first_tree_reg[3][23]/C
                         clock pessimism              0.000     2.526    
                         clock uncertainty           -0.035     2.491    
    SLICE_X4Y92          FDRE (Setup_HFF_SLICEM_C_D)
                                                      0.027     2.518    adder_first_tree_reg[3][23]
  -------------------------------------------------------------------
                         required time                          2.518    
                         arrival time                          -1.658    
  -------------------------------------------------------------------
                         slack                                  0.860    

Slack (MET) :             0.861ns  (required time - arrival time)
  Source:                 genblk2[6].u_last/U0/i_synth/i_synth_option.i_synth_model/opt_8series.i_uniwrap/i_primitive/DSP_OUTPUT_INST/CLK
                            (rising edge-triggered cell DSP_OUTPUT clocked by clk  {rise@0.000ns fall@1.250ns period=2.500ns})
  Destination:            adder_first_tree_reg[3][21]/D
                            (rising edge-triggered cell FDRE clocked by clk  {rise@0.000ns fall@1.250ns period=2.500ns})
  Path Group:             clk
  Path Type:              Setup (Max at Slow Process Corner)
  Requirement:            2.500ns  (clk rise@2.500ns - clk rise@0.000ns)
  Data Path Delay:        1.582ns  (logic 0.819ns (51.770%)  route 0.763ns (48.230%))
  Logic Levels:           4  (CARRY8=3 LUT2=1)
  Clock Path Skew:        -0.049ns (DCD - SCD + CPR)
    Destination Clock Delay (DCD):    0.026ns = ( 2.526 - 2.500 ) 
    Source Clock Delay      (SCD):    0.075ns
    Clock Pessimism Removal (CPR):    0.000ns
  Clock Uncertainty:      0.035ns  ((TSJ^2 + TIJ^2)^1/2 + DJ) / 2 + PE
    Total System Jitter     (TSJ):    0.071ns
    Total Input Jitter      (TIJ):    0.000ns
    Discrete Jitter          (DJ):    0.000ns
    Phase Error              (PE):    0.000ns

    Location             Delay type                Incr(ns)  Path(ns)    Netlist Resource(s)
  -------------------------------------------------------------------    -------------------
                         (clock clk rise edge)        0.000     0.000 r  
                                                      0.000     0.000 r  clk (IN)
                         net (fo=5638, unset)         0.075     0.075    genblk2[6].u_last/U0/i_synth/i_synth_option.i_synth_model/opt_8series.i_uniwrap/i_primitive/CLK
    DSP48E2_X0Y22        DSP_OUTPUT                                   r  genblk2[6].u_last/U0/i_synth/i_synth_option.i_synth_model/opt_8series.i_uniwrap/i_primitive/DSP_OUTPUT_INST/CLK
  -------------------------------------------------------------------    -------------------
    DSP48E2_X0Y22        DSP_OUTPUT (Prop_DSP_OUTPUT_DSP48E2_CLK_P[2])
                                                      0.274     0.349 r  genblk2[6].u_last/U0/i_synth/i_synth_option.i_synth_model/opt_8series.i_uniwrap/i_primitive/DSP_OUTPUT_INST/P[2]
                         net (fo=2, routed)           0.653     1.002    genblk2[6].u_last/group_sum[6][2]
    SLICE_X4Y90          LUT2 (Prop_C6LUT_SLICEM_I0_O)
                                                      0.174     1.176 r  genblk2[6].u_last/adder_first_tree[3][7]_i_7/O
                         net (fo=1, routed)           0.023     1.199    genblk2[6].u_last/adder_first_tree[3][7]_i_7_n_0
    SLICE_X4Y90          CARRY8 (Prop_CARRY8_SLICEM_S[2]_CO[7])
                                                      0.203     1.402 r  genblk2[6].u_last/adder_first_tree_reg[3][7]_i_1/CO[7]
                         net (fo=1, routed)           0.028     1.430    genblk2[6].u_last/adder_first_tree_reg[3][7]_i_1_n_0
    SLICE_X4Y91          CARRY8 (Prop_CARRY8_SLICEM_CI_CO[7])
                                                      0.023     1.453 r  genblk2[6].u_last/adder_first_tree_reg[3][15]_i_1/CO[7]
                         net (fo=1, routed)           0.028     1.481    genblk2[6].u_last/adder_first_tree_reg[3][15]_i_1_n_0
    SLICE_X4Y92          CARRY8 (Prop_CARRY8_SLICEM_CI_O[5])
                                                      0.145     1.626 r  genblk2[6].u_last/adder_first_tree_reg[3][23]_i_1/O[5]
                         net (fo=1, routed)           0.031     1.657    genblk2[6].u_last_n_6
    SLICE_X4Y92          FDRE                                         r  adder_first_tree_reg[3][21]/D
  -------------------------------------------------------------------    -------------------

                         (clock clk rise edge)        2.500     2.500 r  
                                                      0.000     2.500 r  clk (IN)
                         net (fo=5638, unset)         0.026     2.526    clk
    SLICE_X4Y92          FDRE                                         r  adder_first_tree_reg[3][21]/C
                         clock pessimism              0.000     2.526    
                         clock uncertainty           -0.035     2.491    
    SLICE_X4Y92          FDRE (Setup_FFF_SLICEM_C_D)
                                                      0.027     2.518    adder_first_tree_reg[3][21]
  -------------------------------------------------------------------
                         required time                          2.518    
                         arrival time                          -1.657    
  -------------------------------------------------------------------
                         slack                                  0.861    

Slack (MET) :             0.868ns  (required time - arrival time)
  Source:                 genblk2[6].u_last/U0/i_synth/i_synth_option.i_synth_model/opt_8series.i_uniwrap/i_primitive/DSP_OUTPUT_INST/CLK
                            (rising edge-triggered cell DSP_OUTPUT clocked by clk  {rise@0.000ns fall@1.250ns period=2.500ns})
  Destination:            adder_first_tree_reg[3][26]/D
                            (rising edge-triggered cell FDRE clocked by clk  {rise@0.000ns fall@1.250ns period=2.500ns})
  Path Group:             clk
  Path Type:              Setup (Max at Slow Process Corner)
  Requirement:            2.500ns  (clk rise@2.500ns - clk rise@0.000ns)
  Data Path Delay:        1.575ns  (logic 0.783ns (49.714%)  route 0.792ns (50.286%))
  Logic Levels:           5  (CARRY8=4 LUT2=1)
  Clock Path Skew:        -0.049ns (DCD - SCD + CPR)
    Destination Clock Delay (DCD):    0.026ns = ( 2.526 - 2.500 ) 
    Source Clock Delay      (SCD):    0.075ns
    Clock Pessimism Removal (CPR):    0.000ns
  Clock Uncertainty:      0.035ns  ((TSJ^2 + TIJ^2)^1/2 + DJ) / 2 + PE
    Total System Jitter     (TSJ):    0.071ns
    Total Input Jitter      (TIJ):    0.000ns
    Discrete Jitter          (DJ):    0.000ns
    Phase Error              (PE):    0.000ns

    Location             Delay type                Incr(ns)  Path(ns)    Netlist Resource(s)
  -------------------------------------------------------------------    -------------------
                         (clock clk rise edge)        0.000     0.000 r  
                                                      0.000     0.000 r  clk (IN)
                         net (fo=5638, unset)         0.075     0.075    genblk2[6].u_last/U0/i_synth/i_synth_option.i_synth_model/opt_8series.i_uniwrap/i_primitive/CLK
    DSP48E2_X0Y22        DSP_OUTPUT                                   r  genblk2[6].u_last/U0/i_synth/i_synth_option.i_synth_model/opt_8series.i_uniwrap/i_primitive/DSP_OUTPUT_INST/CLK
  -------------------------------------------------------------------    -------------------
    DSP48E2_X0Y22        DSP_OUTPUT (Prop_DSP_OUTPUT_DSP48E2_CLK_P[2])
                                                      0.274     0.349 r  genblk2[6].u_last/U0/i_synth/i_synth_option.i_synth_model/opt_8series.i_uniwrap/i_primitive/DSP_OUTPUT_INST/P[2]
                         net (fo=2, routed)           0.653     1.002    genblk2[6].u_last/group_sum[6][2]
    SLICE_X4Y90          LUT2 (Prop_C6LUT_SLICEM_I0_O)
                                                      0.174     1.176 r  genblk2[6].u_last/adder_first_tree[3][7]_i_7/O
                         net (fo=1, routed)           0.023     1.199    genblk2[6].u_last/adder_first_tree[3][7]_i_7_n_0
    SLICE_X4Y90          CARRY8 (Prop_CARRY8_SLICEM_S[2]_CO[7])
                                                      0.203     1.402 r  genblk2[6].u_last/adder_first_tree_reg[3][7]_i_1/CO[7]
                         net (fo=1, routed)           0.028     1.430    genblk2[6].u_last/adder_first_tree_reg[3][7]_i_1_n_0
    SLICE_X4Y91          CARRY8 (Prop_CARRY8_SLICEM_CI_CO[7])
                                                      0.023     1.453 r  genblk2[6].u_last/adder_first_tree_reg[3][15]_i_1/CO[7]
                         net (fo=1, routed)           0.028     1.481    genblk2[6].u_last/adder_first_tree_reg[3][15]_i_1_n_0
    SLICE_X4Y92          CARRY8 (Prop_CARRY8_SLICEM_CI_CO[7])
                                                      0.023     1.504 r  genblk2[6].u_last/adder_first_tree_reg[3][23]_i_1/CO[7]
                         net (fo=1, routed)           0.028     1.532    genblk2[6].u_last/adder_first_tree_reg[3][23]_i_1_n_0
    SLICE_X4Y93          CARRY8 (Prop_CARRY8_SLICEM_CI_O[2])
                                                      0.086     1.618 r  genblk2[6].u_last/adder_first_tree_reg[3][27]_i_1/O[2]
                         net (fo=1, routed)           0.032     1.650    genblk2[6].u_last_n_1
    SLICE_X4Y93          FDRE                                         r  adder_first_tree_reg[3][26]/D
  -------------------------------------------------------------------    -------------------

                         (clock clk rise edge)        2.500     2.500 r  
                                                      0.000     2.500 r  clk (IN)
                         net (fo=5638, unset)         0.026     2.526    clk
    SLICE_X4Y93          FDRE                                         r  adder_first_tree_reg[3][26]/C
                         clock pessimism              0.000     2.526    
                         clock uncertainty           -0.035     2.491    
    SLICE_X4Y93          FDRE (Setup_CFF_SLICEM_C_D)
                                                      0.027     2.518    adder_first_tree_reg[3][26]
  -------------------------------------------------------------------
                         required time                          2.518    
                         arrival time                          -1.650    
  -------------------------------------------------------------------
                         slack                                  0.868    

Slack (MET) :             0.876ns  (required time - arrival time)
  Source:                 genblk2[6].u_last/U0/i_synth/i_synth_option.i_synth_model/opt_8series.i_uniwrap/i_primitive/DSP_OUTPUT_INST/CLK
                            (rising edge-triggered cell DSP_OUTPUT clocked by clk  {rise@0.000ns fall@1.250ns period=2.500ns})
  Destination:            adder_first_tree_reg[3][22]/D
                            (rising edge-triggered cell FDRE clocked by clk  {rise@0.000ns fall@1.250ns period=2.500ns})
  Path Group:             clk
  Path Type:              Setup (Max at Slow Process Corner)
  Requirement:            2.500ns  (clk rise@2.500ns - clk rise@0.000ns)
  Data Path Delay:        1.567ns  (logic 0.803ns (51.244%)  route 0.764ns (48.756%))
  Logic Levels:           4  (CARRY8=3 LUT2=1)
  Clock Path Skew:        -0.049ns (DCD - SCD + CPR)
    Destination Clock Delay (DCD):    0.026ns = ( 2.526 - 2.500 ) 
    Source Clock Delay      (SCD):    0.075ns
    Clock Pessimism Removal (CPR):    0.000ns
  Clock Uncertainty:      0.035ns  ((TSJ^2 + TIJ^2)^1/2 + DJ) / 2 + PE
    Total System Jitter     (TSJ):    0.071ns
    Total Input Jitter      (TIJ):    0.000ns
    Discrete Jitter          (DJ):    0.000ns
    Phase Error              (PE):    0.000ns

    Location             Delay type                Incr(ns)  Path(ns)    Netlist Resource(s)
  -------------------------------------------------------------------    -------------------
                         (clock clk rise edge)        0.000     0.000 r  
                                                      0.000     0.000 r  clk (IN)
                         net (fo=5638, unset)         0.075     0.075    genblk2[6].u_last/U0/i_synth/i_synth_option.i_synth_model/opt_8series.i_uniwrap/i_primitive/CLK
    DSP48E2_X0Y22        DSP_OUTPUT                                   r  genblk2[6].u_last/U0/i_synth/i_synth_option.i_synth_model/opt_8series.i_uniwrap/i_primitive/DSP_OUTPUT_INST/CLK
  -------------------------------------------------------------------    -------------------
    DSP48E2_X0Y22        DSP_OUTPUT (Prop_DSP_OUTPUT_DSP48E2_CLK_P[2])
                                                      0.274     0.349 r  genblk2[6].u_last/U0/i_synth/i_synth_option.i_synth_model/opt_8series.i_uniwrap/i_primitive/DSP_OUTPUT_INST/P[2]
                         net (fo=2, routed)           0.653     1.002    genblk2[6].u_last/group_sum[6][2]
    SLICE_X4Y90          LUT2 (Prop_C6LUT_SLICEM_I0_O)
                                                      0.174     1.176 r  genblk2[6].u_last/adder_first_tree[3][7]_i_7/O
                         net (fo=1, routed)           0.023     1.199    genblk2[6].u_last/adder_first_tree[3][7]_i_7_n_0
    SLICE_X4Y90          CARRY8 (Prop_CARRY8_SLICEM_S[2]_CO[7])
                                                      0.203     1.402 r  genblk2[6].u_last/adder_first_tree_reg[3][7]_i_1/CO[7]
                         net (fo=1, routed)           0.028     1.430    genblk2[6].u_last/adder_first_tree_reg[3][7]_i_1_n_0
    SLICE_X4Y91          CARRY8 (Prop_CARRY8_SLICEM_CI_CO[7])
                                                      0.023     1.453 r  genblk2[6].u_last/adder_first_tree_reg[3][15]_i_1/CO[7]
                         net (fo=1, routed)           0.028     1.481    genblk2[6].u_last/adder_first_tree_reg[3][15]_i_1_n_0
    SLICE_X4Y92          CARRY8 (Prop_CARRY8_SLICEM_CI_O[6])
                                                      0.129     1.610 r  genblk2[6].u_last/adder_first_tree_reg[3][23]_i_1/O[6]
                         net (fo=1, routed)           0.032     1.642    genblk2[6].u_last_n_5
    SLICE_X4Y92          FDRE                                         r  adder_first_tree_reg[3][22]/D
  -------------------------------------------------------------------    -------------------

                         (clock clk rise edge)        2.500     2.500 r  
                                                      0.000     2.500 r  clk (IN)
                         net (fo=5638, unset)         0.026     2.526    clk
    SLICE_X4Y92          FDRE                                         r  adder_first_tree_reg[3][22]/C
                         clock pessimism              0.000     2.526    
                         clock uncertainty           -0.035     2.491    
    SLICE_X4Y92          FDRE (Setup_GFF_SLICEM_C_D)
                                                      0.027     2.518    adder_first_tree_reg[3][22]
  -------------------------------------------------------------------
                         required time                          2.518    
                         arrival time                          -1.642    
  -------------------------------------------------------------------
                         slack                                  0.876    

Slack (MET) :             0.884ns  (required time - arrival time)
  Source:                 genblk2[6].u_last/U0/i_synth/i_synth_option.i_synth_model/opt_8series.i_uniwrap/i_primitive/DSP_OUTPUT_INST/CLK
                            (rising edge-triggered cell DSP_OUTPUT clocked by clk  {rise@0.000ns fall@1.250ns period=2.500ns})
  Destination:            adder_first_tree_reg[3][24]/D
                            (rising edge-triggered cell FDRE clocked by clk  {rise@0.000ns fall@1.250ns period=2.500ns})
  Path Group:             clk
  Path Type:              Setup (Max at Slow Process Corner)
  Requirement:            2.500ns  (clk rise@2.500ns - clk rise@0.000ns)
  Data Path Delay:        1.559ns  (logic 0.769ns (49.326%)  route 0.790ns (50.673%))
  Logic Levels:           5  (CARRY8=4 LUT2=1)
  Clock Path Skew:        -0.049ns (DCD - SCD + CPR)
    Destination Clock Delay (DCD):    0.026ns = ( 2.526 - 2.500 ) 
    Source Clock Delay      (SCD):    0.075ns
    Clock Pessimism Removal (CPR):    0.000ns
  Clock Uncertainty:      0.035ns  ((TSJ^2 + TIJ^2)^1/2 + DJ) / 2 + PE
    Total System Jitter     (TSJ):    0.071ns
    Total Input Jitter      (TIJ):    0.000ns
    Discrete Jitter          (DJ):    0.000ns
    Phase Error              (PE):    0.000ns

    Location             Delay type                Incr(ns)  Path(ns)    Netlist Resource(s)
  -------------------------------------------------------------------    -------------------
                         (clock clk rise edge)        0.000     0.000 r  
                                                      0.000     0.000 r  clk (IN)
                         net (fo=5638, unset)         0.075     0.075    genblk2[6].u_last/U0/i_synth/i_synth_option.i_synth_model/opt_8series.i_uniwrap/i_primitive/CLK
    DSP48E2_X0Y22        DSP_OUTPUT                                   r  genblk2[6].u_last/U0/i_synth/i_synth_option.i_synth_model/opt_8series.i_uniwrap/i_primitive/DSP_OUTPUT_INST/CLK
  -------------------------------------------------------------------    -------------------
    DSP48E2_X0Y22        DSP_OUTPUT (Prop_DSP_OUTPUT_DSP48E2_CLK_P[2])
                                                      0.274     0.349 r  genblk2[6].u_last/U0/i_synth/i_synth_option.i_synth_model/opt_8series.i_uniwrap/i_primitive/DSP_OUTPUT_INST/P[2]
                         net (fo=2, routed)           0.653     1.002    genblk2[6].u_last/group_sum[6][2]
    SLICE_X4Y90          LUT2 (Prop_C6LUT_SLICEM_I0_O)
                                                      0.174     1.176 r  genblk2[6].u_last/adder_first_tree[3][7]_i_7/O
                         net (fo=1, routed)           0.023     1.199    genblk2[6].u_last/adder_first_tree[3][7]_i_7_n_0
    SLICE_X4Y90          CARRY8 (Prop_CARRY8_SLICEM_S[2]_CO[7])
                                                      0.203     1.402 r  genblk2[6].u_last/adder_first_tree_reg[3][7]_i_1/CO[7]
                         net (fo=1, routed)           0.028     1.430    genblk2[6].u_last/adder_first_tree_reg[3][7]_i_1_n_0
    SLICE_X4Y91          CARRY8 (Prop_CARRY8_SLICEM_CI_CO[7])
                                                      0.023     1.453 r  genblk2[6].u_last/adder_first_tree_reg[3][15]_i_1/CO[7]
                         net (fo=1, routed)           0.028     1.481    genblk2[6].u_last/adder_first_tree_reg[3][15]_i_1_n_0
    SLICE_X4Y92          CARRY8 (Prop_CARRY8_SLICEM_CI_CO[7])
                                                      0.023     1.504 r  genblk2[6].u_last/adder_first_tree_reg[3][23]_i_1/CO[7]
                         net (fo=1, routed)           0.028     1.532    genblk2[6].u_last/adder_first_tree_reg[3][23]_i_1_n_0
    SLICE_X4Y93          CARRY8 (Prop_CARRY8_SLICEM_CI_O[0])
                                                      0.072     1.604 r  genblk2[6].u_last/adder_first_tree_reg[3][27]_i_1/O[0]
                         net (fo=1, routed)           0.030     1.634    genblk2[6].u_last_n_3
    SLICE_X4Y93          FDRE                                         r  adder_first_tree_reg[3][24]/D
  -------------------------------------------------------------------    -------------------

                         (clock clk rise edge)        2.500     2.500 r  
                                                      0.000     2.500 r  clk (IN)
                         net (fo=5638, unset)         0.026     2.526    clk
    SLICE_X4Y93          FDRE                                         r  adder_first_tree_reg[3][24]/C
                         clock pessimism              0.000     2.526    
                         clock uncertainty           -0.035     2.491    
    SLICE_X4Y93          FDRE (Setup_AFF_SLICEM_C_D)
                                                      0.027     2.518    adder_first_tree_reg[3][24]
  -------------------------------------------------------------------
                         required time                          2.518    
                         arrival time                          -1.634    
  -------------------------------------------------------------------
                         slack                                  0.884    

Slack (MET) :             0.898ns  (required time - arrival time)
  Source:                 genblk2[6].u_last/U0/i_synth/i_synth_option.i_synth_model/opt_8series.i_uniwrap/i_primitive/DSP_OUTPUT_INST/CLK
                            (rising edge-triggered cell DSP_OUTPUT clocked by clk  {rise@0.000ns fall@1.250ns period=2.500ns})
  Destination:            adder_first_tree_reg[3][20]/D
                            (rising edge-triggered cell FDRE clocked by clk  {rise@0.000ns fall@1.250ns period=2.500ns})
  Path Group:             clk
  Path Type:              Setup (Max at Slow Process Corner)
  Requirement:            2.500ns  (clk rise@2.500ns - clk rise@0.000ns)
  Data Path Delay:        1.545ns  (logic 0.783ns (50.680%)  route 0.762ns (49.320%))
  Logic Levels:           4  (CARRY8=3 LUT2=1)
  Clock Path Skew:        -0.049ns (DCD - SCD + CPR)
    Destination Clock Delay (DCD):    0.026ns = ( 2.526 - 2.500 ) 
    Source Clock Delay      (SCD):    0.075ns
    Clock Pessimism Removal (CPR):    0.000ns
  Clock Uncertainty:      0.035ns  ((TSJ^2 + TIJ^2)^1/2 + DJ) / 2 + PE
    Total System Jitter     (TSJ):    0.071ns
    Total Input Jitter      (TIJ):    0.000ns
    Discrete Jitter          (DJ):    0.000ns
    Phase Error              (PE):    0.000ns

    Location             Delay type                Incr(ns)  Path(ns)    Netlist Resource(s)
  -------------------------------------------------------------------    -------------------
                         (clock clk rise edge)        0.000     0.000 r  
                                                      0.000     0.000 r  clk (IN)
                         net (fo=5638, unset)         0.075     0.075    genblk2[6].u_last/U0/i_synth/i_synth_option.i_synth_model/opt_8series.i_uniwrap/i_primitive/CLK
    DSP48E2_X0Y22        DSP_OUTPUT                                   r  genblk2[6].u_last/U0/i_synth/i_synth_option.i_synth_model/opt_8series.i_uniwrap/i_primitive/DSP_OUTPUT_INST/CLK
  -------------------------------------------------------------------    -------------------
    DSP48E2_X0Y22        DSP_OUTPUT (Prop_DSP_OUTPUT_DSP48E2_CLK_P[2])
                                                      0.274     0.349 r  genblk2[6].u_last/U0/i_synth/i_synth_option.i_synth_model/opt_8series.i_uniwrap/i_primitive/DSP_OUTPUT_INST/P[2]
                         net (fo=2, routed)           0.653     1.002    genblk2[6].u_last/group_sum[6][2]
    SLICE_X4Y90          LUT2 (Prop_C6LUT_SLICEM_I0_O)
                                                      0.174     1.176 r  genblk2[6].u_last/adder_first_tree[3][7]_i_7/O
                         net (fo=1, routed)           0.023     1.199    genblk2[6].u_last/adder_first_tree[3][7]_i_7_n_0
    SLICE_X4Y90          CARRY8 (Prop_CARRY8_SLICEM_S[2]_CO[7])
                                                      0.203     1.402 r  genblk2[6].u_last/adder_first_tree_reg[3][7]_i_1/CO[7]
                         net (fo=1, routed)           0.028     1.430    genblk2[6].u_last/adder_first_tree_reg[3][7]_i_1_n_0
    SLICE_X4Y91          CARRY8 (Prop_CARRY8_SLICEM_CI_CO[7])
                                                      0.023     1.453 r  genblk2[6].u_last/adder_first_tree_reg[3][15]_i_1/CO[7]
                         net (fo=1, routed)           0.028     1.481    genblk2[6].u_last/adder_first_tree_reg[3][15]_i_1_n_0
    SLICE_X4Y92          CARRY8 (Prop_CARRY8_SLICEM_CI_O[4])
                                                      0.109     1.590 r  genblk2[6].u_last/adder_first_tree_reg[3][23]_i_1/O[4]
                         net (fo=1, routed)           0.030     1.620    genblk2[6].u_last_n_7
    SLICE_X4Y92          FDRE                                         r  adder_first_tree_reg[3][20]/D
  -------------------------------------------------------------------    -------------------

                         (clock clk rise edge)        2.500     2.500 r  
                                                      0.000     2.500 r  clk (IN)
                         net (fo=5638, unset)         0.026     2.526    clk
    SLICE_X4Y92          FDRE                                         r  adder_first_tree_reg[3][20]/C
                         clock pessimism              0.000     2.526    
                         clock uncertainty           -0.035     2.491    
    SLICE_X4Y92          FDRE (Setup_EFF_SLICEM_C_D)
                                                      0.027     2.518    adder_first_tree_reg[3][20]
  -------------------------------------------------------------------
                         required time                          2.518    
                         arrival time                          -1.620    
  -------------------------------------------------------------------
                         slack                                  0.898    

Slack (MET) :             0.901ns  (required time - arrival time)
  Source:                 genblk2[6].u_last/U0/i_synth/i_synth_option.i_synth_model/opt_8series.i_uniwrap/i_primitive/DSP_OUTPUT_INST/CLK
                            (rising edge-triggered cell DSP_OUTPUT clocked by clk  {rise@0.000ns fall@1.250ns period=2.500ns})
  Destination:            adder_first_tree_reg[3][19]/D
                            (rising edge-triggered cell FDRE clocked by clk  {rise@0.000ns fall@1.250ns period=2.500ns})
  Path Group:             clk
  Path Type:              Setup (Max at Slow Process Corner)
  Requirement:            2.500ns  (clk rise@2.500ns - clk rise@0.000ns)
  Data Path Delay:        1.542ns  (logic 0.778ns (50.454%)  route 0.764ns (49.546%))
  Logic Levels:           4  (CARRY8=3 LUT2=1)
  Clock Path Skew:        -0.049ns (DCD - SCD + CPR)
    Destination Clock Delay (DCD):    0.026ns = ( 2.526 - 2.500 ) 
    Source Clock Delay      (SCD):    0.075ns
    Clock Pessimism Removal (CPR):    0.000ns
  Clock Uncertainty:      0.035ns  ((TSJ^2 + TIJ^2)^1/2 + DJ) / 2 + PE
    Total System Jitter     (TSJ):    0.071ns
    Total Input Jitter      (TIJ):    0.000ns
    Discrete Jitter          (DJ):    0.000ns
    Phase Error              (PE):    0.000ns

    Location             Delay type                Incr(ns)  Path(ns)    Netlist Resource(s)
  -------------------------------------------------------------------    -------------------
                         (clock clk rise edge)        0.000     0.000 r  
                                                      0.000     0.000 r  clk (IN)
                         net (fo=5638, unset)         0.075     0.075    genblk2[6].u_last/U0/i_synth/i_synth_option.i_synth_model/opt_8series.i_uniwrap/i_primitive/CLK
    DSP48E2_X0Y22        DSP_OUTPUT                                   r  genblk2[6].u_last/U0/i_synth/i_synth_option.i_synth_model/opt_8series.i_uniwrap/i_primitive/DSP_OUTPUT_INST/CLK
  -------------------------------------------------------------------    -------------------
    DSP48E2_X0Y22        DSP_OUTPUT (Prop_DSP_OUTPUT_DSP48E2_CLK_P[2])
                                                      0.274     0.349 r  genblk2[6].u_last/U0/i_synth/i_synth_option.i_synth_model/opt_8series.i_uniwrap/i_primitive/DSP_OUTPUT_INST/P[2]
                         net (fo=2, routed)           0.653     1.002    genblk2[6].u_last/group_sum[6][2]
    SLICE_X4Y90          LUT2 (Prop_C6LUT_SLICEM_I0_O)
                                                      0.174     1.176 r  genblk2[6].u_last/adder_first_tree[3][7]_i_7/O
                         net (fo=1, routed)           0.023     1.199    genblk2[6].u_last/adder_first_tree[3][7]_i_7_n_0
    SLICE_X4Y90          CARRY8 (Prop_CARRY8_SLICEM_S[2]_CO[7])
                                                      0.203     1.402 r  genblk2[6].u_last/adder_first_tree_reg[3][7]_i_1/CO[7]
                         net (fo=1, routed)           0.028     1.430    genblk2[6].u_last/adder_first_tree_reg[3][7]_i_1_n_0
    SLICE_X4Y91          CARRY8 (Prop_CARRY8_SLICEM_CI_CO[7])
                                                      0.023     1.453 r  genblk2[6].u_last/adder_first_tree_reg[3][15]_i_1/CO[7]
                         net (fo=1, routed)           0.028     1.481    genblk2[6].u_last/adder_first_tree_reg[3][15]_i_1_n_0
    SLICE_X4Y92          CARRY8 (Prop_CARRY8_SLICEM_CI_O[3])
                                                      0.104     1.585 r  genblk2[6].u_last/adder_first_tree_reg[3][23]_i_1/O[3]
                         net (fo=1, routed)           0.032     1.617    genblk2[6].u_last_n_8
    SLICE_X4Y92          FDRE                                         r  adder_first_tree_reg[3][19]/D
  -------------------------------------------------------------------    -------------------

                         (clock clk rise edge)        2.500     2.500 r  
                                                      0.000     2.500 r  clk (IN)
                         net (fo=5638, unset)         0.026     2.526    clk
    SLICE_X4Y92          FDRE                                         r  adder_first_tree_reg[3][19]/C
                         clock pessimism              0.000     2.526    
                         clock uncertainty           -0.035     2.491    
    SLICE_X4Y92          FDRE (Setup_DFF_SLICEM_C_D)
                                                      0.027     2.518    adder_first_tree_reg[3][19]
  -------------------------------------------------------------------
                         required time                          2.518    
                         arrival time                          -1.617    
  -------------------------------------------------------------------
                         slack                                  0.901    





Min Delay Paths
--------------------------------------------------------------------------------------
Slack (MET) :             0.029ns  (arrival time - required time)
  Source:                 genblk1[12].a_sr_reg[0][14]/C
                            (rising edge-triggered cell FDRE clocked by clk  {rise@0.000ns fall@1.250ns period=2.500ns})
  Destination:            genblk1[12].a_sr_reg[2][14]_srl2/D
                            (rising edge-triggered cell SRL16E clocked by clk  {rise@0.000ns fall@1.250ns period=2.500ns})
  Path Group:             clk
  Path Type:              Hold (Min at Fast Process Corner)
  Requirement:            0.000ns  (clk rise@0.000ns - clk rise@0.000ns)
  Data Path Delay:        0.094ns  (logic 0.040ns (42.553%)  route 0.054ns (57.447%))
  Logic Levels:           0  
  Clock Path Skew:        0.026ns (DCD - SCD - CPR)
    Destination Clock Delay (DCD):    0.039ns
    Source Clock Delay      (SCD):    0.013ns
    Clock Pessimism Removal (CPR):    -0.000ns

    Location             Delay type                Incr(ns)  Path(ns)    Netlist Resource(s)
  -------------------------------------------------------------------    -------------------
                         (clock clk rise edge)        0.000     0.000 r  
                                                      0.000     0.000 r  clk (IN)
                         net (fo=5638, unset)         0.013     0.013    clk
    SLICE_X28Y71         FDRE                                         r  genblk1[12].a_sr_reg[0][14]/C
  -------------------------------------------------------------------    -------------------
    SLICE_X28Y71         FDRE (Prop_BFF2_SLICEM_C_Q)
                                                      0.040     0.053 r  genblk1[12].a_sr_reg[0][14]/Q
                         net (fo=1, routed)           0.054     0.107    genblk1[12].a_sr_reg_n_0_[0][14]
    SLICE_X28Y72         SRL16E                                       r  genblk1[12].a_sr_reg[2][14]_srl2/D
  -------------------------------------------------------------------    -------------------

                         (clock clk rise edge)        0.000     0.000 r  
                                                      0.000     0.000 r  clk (IN)
                         net (fo=5638, unset)         0.039     0.039    clk
    SLICE_X28Y72         SRL16E                                       r  genblk1[12].a_sr_reg[2][14]_srl2/CLK
                         clock pessimism              0.000     0.039    
    SLICE_X28Y72         SRL16E (Hold_G5LUT_SLICEM_CLK_D)
                                                      0.039     0.078    genblk1[12].a_sr_reg[2][14]_srl2
  -------------------------------------------------------------------
                         required time                         -0.078    
                         arrival time                           0.107    
  -------------------------------------------------------------------
                         slack                                  0.029    

Slack (MET) :             0.029ns  (arrival time - required time)
  Source:                 genblk1[22].a_sr_reg[0][14]/C
                            (rising edge-triggered cell FDRE clocked by clk  {rise@0.000ns fall@1.250ns period=2.500ns})
  Destination:            genblk1[22].a_sr_reg[4][14]_srl4/D
                            (rising edge-triggered cell SRL16E clocked by clk  {rise@0.000ns fall@1.250ns period=2.500ns})
  Path Group:             clk
  Path Type:              Hold (Min at Fast Process Corner)
  Requirement:            0.000ns  (clk rise@0.000ns - clk rise@0.000ns)
  Data Path Delay:        0.094ns  (logic 0.039ns (41.489%)  route 0.055ns (58.511%))
  Logic Levels:           0  
  Clock Path Skew:        0.026ns (DCD - SCD - CPR)
    Destination Clock Delay (DCD):    0.039ns
    Source Clock Delay      (SCD):    0.013ns
    Clock Pessimism Removal (CPR):    -0.000ns

    Location             Delay type                Incr(ns)  Path(ns)    Netlist Resource(s)
  -------------------------------------------------------------------    -------------------
                         (clock clk rise edge)        0.000     0.000 r  
                                                      0.000     0.000 r  clk (IN)
                         net (fo=5638, unset)         0.013     0.013    clk
    SLICE_X27Y97         FDRE                                         r  genblk1[22].a_sr_reg[0][14]/C
  -------------------------------------------------------------------    -------------------
    SLICE_X27Y97         FDRE (Prop_FFF_SLICEL_C_Q)
                                                      0.039     0.052 r  genblk1[22].a_sr_reg[0][14]/Q
                         net (fo=1, routed)           0.055     0.107    genblk1[22].a_sr_reg_n_0_[0][14]
    SLICE_X28Y97         SRL16E                                       r  genblk1[22].a_sr_reg[4][14]_srl4/D
  -------------------------------------------------------------------    -------------------

                         (clock clk rise edge)        0.000     0.000 r  
                                                      0.000     0.000 r  clk (IN)
                         net (fo=5638, unset)         0.039     0.039    clk
    SLICE_X28Y97         SRL16E                                       r  genblk1[22].a_sr_reg[4][14]_srl4/CLK
                         clock pessimism              0.000     0.039    
    SLICE_X28Y97         SRL16E (Hold_G5LUT_SLICEM_CLK_D)
                                                      0.039     0.078    genblk1[22].a_sr_reg[4][14]_srl4
  -------------------------------------------------------------------
                         required time                         -0.078    
                         arrival time                           0.107    
  -------------------------------------------------------------------
                         slack                                  0.029    

Slack (MET) :             0.029ns  (arrival time - required time)
  Source:                 genblk1[53].b_sr_reg[0][14]/C
                            (rising edge-triggered cell FDRE clocked by clk  {rise@0.000ns fall@1.250ns period=2.500ns})
  Destination:            genblk1[53].b_sr_reg[3][14]_srl3/D
                            (rising edge-triggered cell SRL16E clocked by clk  {rise@0.000ns fall@1.250ns period=2.500ns})
  Path Group:             clk
  Path Type:              Hold (Min at Fast Process Corner)
  Requirement:            0.000ns  (clk rise@0.000ns - clk rise@0.000ns)
  Data Path Delay:        0.095ns  (logic 0.040ns (42.105%)  route 0.055ns (57.895%))
  Logic Levels:           0  
  Clock Path Skew:        0.027ns (DCD - SCD - CPR)
    Destination Clock Delay (DCD):    0.039ns
    Source Clock Delay      (SCD):    0.012ns
    Clock Pessimism Removal (CPR):    -0.000ns

    Location             Delay type                Incr(ns)  Path(ns)    Netlist Resource(s)
  -------------------------------------------------------------------    -------------------
                         (clock clk rise edge)        0.000     0.000 r  
                                                      0.000     0.000 r  clk (IN)
                         net (fo=5638, unset)         0.012     0.012    clk
    SLICE_X13Y63         FDRE                                         r  genblk1[53].b_sr_reg[0][14]/C
  -------------------------------------------------------------------    -------------------
    SLICE_X13Y63         FDRE (Prop_AFF2_SLICEL_C_Q)
                                                      0.040     0.052 r  genblk1[53].b_sr_reg[0][14]/Q
                         net (fo=1, routed)           0.055     0.107    genblk1[53].b_sr_reg_n_0_[0][14]
    SLICE_X14Y63         SRL16E                                       r  genblk1[53].b_sr_reg[3][14]_srl3/D
  -------------------------------------------------------------------    -------------------

                         (clock clk rise edge)        0.000     0.000 r  
                                                      0.000     0.000 r  clk (IN)
                         net (fo=5638, unset)         0.039     0.039    clk
    SLICE_X14Y63         SRL16E                                       r  genblk1[53].b_sr_reg[3][14]_srl3/CLK
                         clock pessimism              0.000     0.039    
    SLICE_X14Y63         SRL16E (Hold_G5LUT_SLICEM_CLK_D)
                                                      0.039     0.078    genblk1[53].b_sr_reg[3][14]_srl3
  -------------------------------------------------------------------
                         required time                         -0.078    
                         arrival time                           0.107    
  -------------------------------------------------------------------
                         slack                                  0.029    

Slack (MET) :             0.029ns  (arrival time - required time)
  Source:                 genblk1[55].b_sr_reg[0][14]/C
                            (rising edge-triggered cell FDRE clocked by clk  {rise@0.000ns fall@1.250ns period=2.500ns})
  Destination:            genblk1[55].b_sr_reg[5][14]_srl5/D
                            (rising edge-triggered cell SRL16E clocked by clk  {rise@0.000ns fall@1.250ns period=2.500ns})
  Path Group:             clk
  Path Type:              Hold (Min at Fast Process Corner)
  Requirement:            0.000ns  (clk rise@0.000ns - clk rise@0.000ns)
  Data Path Delay:        0.095ns  (logic 0.040ns (42.105%)  route 0.055ns (57.895%))
  Logic Levels:           0  
  Clock Path Skew:        0.027ns (DCD - SCD - CPR)
    Destination Clock Delay (DCD):    0.039ns
    Source Clock Delay      (SCD):    0.012ns
    Clock Pessimism Removal (CPR):    -0.000ns

    Location             Delay type                Incr(ns)  Path(ns)    Netlist Resource(s)
  -------------------------------------------------------------------    -------------------
                         (clock clk rise edge)        0.000     0.000 r  
                                                      0.000     0.000 r  clk (IN)
                         net (fo=5638, unset)         0.012     0.012    clk
    SLICE_X13Y76         FDRE                                         r  genblk1[55].b_sr_reg[0][14]/C
  -------------------------------------------------------------------    -------------------
    SLICE_X13Y76         FDRE (Prop_AFF2_SLICEL_C_Q)
                                                      0.040     0.052 r  genblk1[55].b_sr_reg[0][14]/Q
                         net (fo=1, routed)           0.055     0.107    genblk1[55].b_sr_reg_n_0_[0][14]
    SLICE_X14Y76         SRL16E                                       r  genblk1[55].b_sr_reg[5][14]_srl5/D
  -------------------------------------------------------------------    -------------------

                         (clock clk rise edge)        0.000     0.000 r  
                                                      0.000     0.000 r  clk (IN)
                         net (fo=5638, unset)         0.039     0.039    clk
    SLICE_X14Y76         SRL16E                                       r  genblk1[55].b_sr_reg[5][14]_srl5/CLK
                         clock pessimism              0.000     0.039    
    SLICE_X14Y76         SRL16E (Hold_G5LUT_SLICEM_CLK_D)
                                                      0.039     0.078    genblk1[55].b_sr_reg[5][14]_srl5
  -------------------------------------------------------------------
                         required time                         -0.078    
                         arrival time                           0.107    
  -------------------------------------------------------------------
                         slack                                  0.029    

Slack (MET) :             0.029ns  (arrival time - required time)
  Source:                 genblk1[62].a_sr_reg[0][14]/C
                            (rising edge-triggered cell FDRE clocked by clk  {rise@0.000ns fall@1.250ns period=2.500ns})
  Destination:            genblk1[62].a_sr_reg[4][14]_srl4/D
                            (rising edge-triggered cell SRL16E clocked by clk  {rise@0.000ns fall@1.250ns period=2.500ns})
  Path Group:             clk
  Path Type:              Hold (Min at Fast Process Corner)
  Requirement:            0.000ns  (clk rise@0.000ns - clk rise@0.000ns)
  Data Path Delay:        0.095ns  (logic 0.040ns (42.105%)  route 0.055ns (57.895%))
  Logic Levels:           0  
  Clock Path Skew:        0.027ns (DCD - SCD - CPR)
    Destination Clock Delay (DCD):    0.039ns
    Source Clock Delay      (SCD):    0.012ns
    Clock Pessimism Removal (CPR):    -0.000ns

    Location             Delay type                Incr(ns)  Path(ns)    Netlist Resource(s)
  -------------------------------------------------------------------    -------------------
                         (clock clk rise edge)        0.000     0.000 r  
                                                      0.000     0.000 r  clk (IN)
                         net (fo=5638, unset)         0.012     0.012    clk
    SLICE_X13Y86         FDRE                                         r  genblk1[62].a_sr_reg[0][14]/C
  -------------------------------------------------------------------    -------------------
    SLICE_X13Y86         FDRE (Prop_AFF2_SLICEL_C_Q)
                                                      0.040     0.052 r  genblk1[62].a_sr_reg[0][14]/Q
                         net (fo=1, routed)           0.055     0.107    genblk1[62].a_sr_reg_n_0_[0][14]
    SLICE_X14Y86         SRL16E                                       r  genblk1[62].a_sr_reg[4][14]_srl4/D
  -------------------------------------------------------------------    -------------------

                         (clock clk rise edge)        0.000     0.000 r  
                                                      0.000     0.000 r  clk (IN)
                         net (fo=5638, unset)         0.039     0.039    clk
    SLICE_X14Y86         SRL16E                                       r  genblk1[62].a_sr_reg[4][14]_srl4/CLK
                         clock pessimism              0.000     0.039    
    SLICE_X14Y86         SRL16E (Hold_G5LUT_SLICEM_CLK_D)
                                                      0.039     0.078    genblk1[62].a_sr_reg[4][14]_srl4
  -------------------------------------------------------------------
                         required time                         -0.078    
                         arrival time                           0.107    
  -------------------------------------------------------------------
                         slack                                  0.029    

Slack (MET) :             0.029ns  (arrival time - required time)
  Source:                 genblk1[7].b_sr_reg[0][14]/C
                            (rising edge-triggered cell FDRE clocked by clk  {rise@0.000ns fall@1.250ns period=2.500ns})
  Destination:            genblk1[7].b_sr_reg[5][14]_srl5/D
                            (rising edge-triggered cell SRL16E clocked by clk  {rise@0.000ns fall@1.250ns period=2.500ns})
  Path Group:             clk
  Path Type:              Hold (Min at Fast Process Corner)
  Requirement:            0.000ns  (clk rise@0.000ns - clk rise@0.000ns)
  Data Path Delay:        0.094ns  (logic 0.039ns (41.489%)  route 0.055ns (58.511%))
  Logic Levels:           0  
  Clock Path Skew:        0.026ns (DCD - SCD - CPR)
    Destination Clock Delay (DCD):    0.039ns
    Source Clock Delay      (SCD):    0.013ns
    Clock Pessimism Removal (CPR):    -0.000ns

    Location             Delay type                Incr(ns)  Path(ns)    Netlist Resource(s)
  -------------------------------------------------------------------    -------------------
                         (clock clk rise edge)        0.000     0.000 r  
                                                      0.000     0.000 r  clk (IN)
                         net (fo=5638, unset)         0.013     0.013    clk
    SLICE_X18Y79         FDRE                                         r  genblk1[7].b_sr_reg[0][14]/C
  -------------------------------------------------------------------    -------------------
    SLICE_X18Y79         FDRE (Prop_FFF_SLICEL_C_Q)
                                                      0.039     0.052 r  genblk1[7].b_sr_reg[0][14]/Q
                         net (fo=1, routed)           0.055     0.107    genblk1[7].b_sr_reg_n_0_[0][14]
    SLICE_X19Y79         SRL16E                                       r  genblk1[7].b_sr_reg[5][14]_srl5/D
  -------------------------------------------------------------------    -------------------

                         (clock clk rise edge)        0.000     0.000 r  
                                                      0.000     0.000 r  clk (IN)
                         net (fo=5638, unset)         0.039     0.039    clk
    SLICE_X19Y79         SRL16E                                       r  genblk1[7].b_sr_reg[5][14]_srl5/CLK
                         clock pessimism              0.000     0.039    
    SLICE_X19Y79         SRL16E (Hold_G5LUT_SLICEM_CLK_D)
                                                      0.039     0.078    genblk1[7].b_sr_reg[5][14]_srl5
  -------------------------------------------------------------------
                         required time                         -0.078    
                         arrival time                           0.107    
  -------------------------------------------------------------------
                         slack                                  0.029    

Slack (MET) :             0.029ns  (arrival time - required time)
  Source:                 genblk2[0].genblk1[2].u_middle/U0/i_synth/i_synth_option.i_synth_model/i_op3/opt_has_pipe.first_q_reg[10]/C
                            (rising edge-triggered cell FDRE clocked by clk  {rise@0.000ns fall@1.250ns period=2.500ns})
  Destination:            genblk2[0].genblk1[2].u_middle/U0/i_synth/i_synth_option.i_synth_model/i_op4/opt_has_pipe.first_q_reg[10]/D
                            (rising edge-triggered cell FDRE clocked by clk  {rise@0.000ns fall@1.250ns period=2.500ns})
  Path Group:             clk
  Path Type:              Hold (Min at Fast Process Corner)
  Requirement:            0.000ns  (clk rise@0.000ns - clk rise@0.000ns)
  Data Path Delay:        0.081ns  (logic 0.039ns (48.148%)  route 0.042ns (51.852%))
  Logic Levels:           0  
  Clock Path Skew:        0.006ns (DCD - SCD - CPR)
    Destination Clock Delay (DCD):    0.018ns
    Source Clock Delay      (SCD):    0.012ns
    Clock Pessimism Removal (CPR):    -0.000ns

    Location             Delay type                Incr(ns)  Path(ns)    Netlist Resource(s)
  -------------------------------------------------------------------    -------------------
                         (clock clk rise edge)        0.000     0.000 r  
                                                      0.000     0.000 r  clk (IN)
                         net (fo=5638, unset)         0.012     0.012    genblk2[0].genblk1[2].u_middle/U0/i_synth/i_synth_option.i_synth_model/i_op3/CLK
    SLICE_X21Y68         FDRE                                         r  genblk2[0].genblk1[2].u_middle/U0/i_synth/i_synth_option.i_synth_model/i_op3/opt_has_pipe.first_q_reg[10]/C
  -------------------------------------------------------------------    -------------------
    SLICE_X21Y68         FDRE (Prop_BFF_SLICEL_C_Q)
                                                      0.039     0.051 r  genblk2[0].genblk1[2].u_middle/U0/i_synth/i_synth_option.i_synth_model/i_op3/opt_has_pipe.first_q_reg[10]/Q
                         net (fo=1, routed)           0.042     0.093    genblk2[0].genblk1[2].u_middle/U0/i_synth/i_synth_option.i_synth_model/i_op4/D[10]
    SLICE_X21Y68         FDRE                                         r  genblk2[0].genblk1[2].u_middle/U0/i_synth/i_synth_option.i_synth_model/i_op4/opt_has_pipe.first_q_reg[10]/D
  -------------------------------------------------------------------    -------------------

                         (clock clk rise edge)        0.000     0.000 r  
                                                      0.000     0.000 r  clk (IN)
                         net (fo=5638, unset)         0.018     0.018    genblk2[0].genblk1[2].u_middle/U0/i_synth/i_synth_option.i_synth_model/i_op4/CLK
    SLICE_X21Y68         FDRE                                         r  genblk2[0].genblk1[2].u_middle/U0/i_synth/i_synth_option.i_synth_model/i_op4/opt_has_pipe.first_q_reg[10]/C
                         clock pessimism              0.000     0.018    
    SLICE_X21Y68         FDRE (Hold_CFF_SLICEL_C_D)
                                                      0.046     0.064    genblk2[0].genblk1[2].u_middle/U0/i_synth/i_synth_option.i_synth_model/i_op4/opt_has_pipe.first_q_reg[10]
  -------------------------------------------------------------------
                         required time                         -0.064    
                         arrival time                           0.093    
  -------------------------------------------------------------------
                         slack                                  0.029    

Slack (MET) :             0.031ns  (arrival time - required time)
  Source:                 genblk1[3].a_sr_reg[0][14]/C
                            (rising edge-triggered cell FDRE clocked by clk  {rise@0.000ns fall@1.250ns period=2.500ns})
  Destination:            genblk1[3].a_sr_reg[1][14]/D
                            (rising edge-triggered cell FDRE clocked by clk  {rise@0.000ns fall@1.250ns period=2.500ns})
  Path Group:             clk
  Path Type:              Hold (Min at Fast Process Corner)
  Requirement:            0.000ns  (clk rise@0.000ns - clk rise@0.000ns)
  Data Path Delay:        0.084ns  (logic 0.039ns (46.429%)  route 0.045ns (53.571%))
  Logic Levels:           0  
  Clock Path Skew:        0.007ns (DCD - SCD - CPR)
    Destination Clock Delay (DCD):    0.019ns
    Source Clock Delay      (SCD):    0.012ns
    Clock Pessimism Removal (CPR):    -0.000ns

    Location             Delay type                Incr(ns)  Path(ns)    Netlist Resource(s)
  -------------------------------------------------------------------    -------------------
                         (clock clk rise edge)        0.000     0.000 r  
                                                      0.000     0.000 r  clk (IN)
                         net (fo=5638, unset)         0.012     0.012    clk
    SLICE_X23Y72         FDRE                                         r  genblk1[3].a_sr_reg[0][14]/C
  -------------------------------------------------------------------    -------------------
    SLICE_X23Y72         FDRE (Prop_AFF_SLICEL_C_Q)
                                                      0.039     0.051 r  genblk1[3].a_sr_reg[0][14]/Q
                         net (fo=1, routed)           0.045     0.096    genblk1[3].a_sr_reg[0][14]
    SLICE_X23Y72         FDRE                                         r  genblk1[3].a_sr_reg[1][14]/D
  -------------------------------------------------------------------    -------------------

                         (clock clk rise edge)        0.000     0.000 r  
                                                      0.000     0.000 r  clk (IN)
                         net (fo=5638, unset)         0.019     0.019    clk
    SLICE_X23Y72         FDRE                                         r  genblk1[3].a_sr_reg[1][14]/C
                         clock pessimism              0.000     0.019    
    SLICE_X23Y72         FDRE (Hold_FFF_SLICEL_C_D)
                                                      0.046     0.065    genblk1[3].a_sr_reg[1][14]
  -------------------------------------------------------------------
                         required time                         -0.065    
                         arrival time                           0.096    
  -------------------------------------------------------------------
                         slack                                  0.031    

Slack (MET) :             0.031ns  (arrival time - required time)
  Source:                 genblk1[3].a_sr_reg[0][6]/C
                            (rising edge-triggered cell FDRE clocked by clk  {rise@0.000ns fall@1.250ns period=2.500ns})
  Destination:            genblk1[3].a_sr_reg[1][6]/D
                            (rising edge-triggered cell FDRE clocked by clk  {rise@0.000ns fall@1.250ns period=2.500ns})
  Path Group:             clk
  Path Type:              Hold (Min at Fast Process Corner)
  Requirement:            0.000ns  (clk rise@0.000ns - clk rise@0.000ns)
  Data Path Delay:        0.084ns  (logic 0.039ns (46.429%)  route 0.045ns (53.571%))
  Logic Levels:           0  
  Clock Path Skew:        0.007ns (DCD - SCD - CPR)
    Destination Clock Delay (DCD):    0.019ns
    Source Clock Delay      (SCD):    0.012ns
    Clock Pessimism Removal (CPR):    -0.000ns

    Location             Delay type                Incr(ns)  Path(ns)    Netlist Resource(s)
  -------------------------------------------------------------------    -------------------
                         (clock clk rise edge)        0.000     0.000 r  
                                                      0.000     0.000 r  clk (IN)
                         net (fo=5638, unset)         0.012     0.012    clk
    SLICE_X22Y70         FDRE                                         r  genblk1[3].a_sr_reg[0][6]/C
  -------------------------------------------------------------------    -------------------
    SLICE_X22Y70         FDRE (Prop_AFF_SLICEL_C_Q)
                                                      0.039     0.051 r  genblk1[3].a_sr_reg[0][6]/Q
                         net (fo=1, routed)           0.045     0.096    genblk1[3].a_sr_reg[0][6]
    SLICE_X22Y70         FDRE                                         r  genblk1[3].a_sr_reg[1][6]/D
  -------------------------------------------------------------------    -------------------

                         (clock clk rise edge)        0.000     0.000 r  
                                                      0.000     0.000 r  clk (IN)
                         net (fo=5638, unset)         0.019     0.019    clk
    SLICE_X22Y70         FDRE                                         r  genblk1[3].a_sr_reg[1][6]/C
                         clock pessimism              0.000     0.019    
    SLICE_X22Y70         FDRE (Hold_FFF_SLICEL_C_D)
                                                      0.046     0.065    genblk1[3].a_sr_reg[1][6]
  -------------------------------------------------------------------
                         required time                         -0.065    
                         arrival time                           0.096    
  -------------------------------------------------------------------
                         slack                                  0.031    

Slack (MET) :             0.031ns  (arrival time - required time)
  Source:                 genblk2[2].u_first/U0/i_synth/i_synth_option.i_synth_model/i_op3/opt_has_pipe.first_q_reg[20]/C
                            (rising edge-triggered cell FDRE clocked by clk  {rise@0.000ns fall@1.250ns period=2.500ns})
  Destination:            genblk2[2].u_first/U0/i_synth/i_synth_option.i_synth_model/i_carryin4/opt_has_pipe.first_q_reg[0]/D
                            (rising edge-triggered cell FDRE clocked by clk  {rise@0.000ns fall@1.250ns period=2.500ns})
  Path Group:             clk
  Path Type:              Hold (Min at Fast Process Corner)
  Requirement:            0.000ns  (clk rise@0.000ns - clk rise@0.000ns)
  Data Path Delay:        0.084ns  (logic 0.039ns (46.429%)  route 0.045ns (53.571%))
  Logic Levels:           0  
  Clock Path Skew:        0.007ns (DCD - SCD - CPR)
    Destination Clock Delay (DCD):    0.019ns
    Source Clock Delay      (SCD):    0.012ns
    Clock Pessimism Removal (CPR):    -0.000ns

    Location             Delay type                Incr(ns)  Path(ns)    Netlist Resource(s)
  -------------------------------------------------------------------    -------------------
                         (clock clk rise edge)        0.000     0.000 r  
                                                      0.000     0.000 r  clk (IN)
                         net (fo=5638, unset)         0.012     0.012    genblk2[2].u_first/U0/i_synth/i_synth_option.i_synth_model/i_op3/CLK
    SLICE_X27Y83         FDRE                                         r  genblk2[2].u_first/U0/i_synth/i_synth_option.i_synth_model/i_op3/opt_has_pipe.first_q_reg[20]/C
  -------------------------------------------------------------------    -------------------
    SLICE_X27Y83         FDRE (Prop_AFF_SLICEL_C_Q)
                                                      0.039     0.051 r  genblk2[2].u_first/U0/i_synth/i_synth_option.i_synth_model/i_op3/opt_has_pipe.first_q_reg[20]/Q
                         net (fo=1, routed)           0.045     0.096    genblk2[2].u_first/U0/i_synth/i_synth_option.i_synth_model/i_carryin4/carryin_r3
    SLICE_X27Y83         FDRE                                         r  genblk2[2].u_first/U0/i_synth/i_synth_option.i_synth_model/i_carryin4/opt_has_pipe.first_q_reg[0]/D
  -------------------------------------------------------------------    -------------------

                         (clock clk rise edge)        0.000     0.000 r  
                                                      0.000     0.000 r  clk (IN)
                         net (fo=5638, unset)         0.019     0.019    genblk2[2].u_first/U0/i_synth/i_synth_option.i_synth_model/i_carryin4/CLK
    SLICE_X27Y83         FDRE                                         r  genblk2[2].u_first/U0/i_synth/i_synth_option.i_synth_model/i_carryin4/opt_has_pipe.first_q_reg[0]/C
                         clock pessimism              0.000     0.019    
    SLICE_X27Y83         FDRE (Hold_FFF_SLICEL_C_D)
                                                      0.046     0.065    genblk2[2].u_first/U0/i_synth/i_synth_option.i_synth_model/i_carryin4/opt_has_pipe.first_q_reg[0]
  -------------------------------------------------------------------
                         required time                         -0.065    
                         arrival time                           0.096    
  -------------------------------------------------------------------
                         slack                                  0.031    





Pulse Width Checks
--------------------------------------------------------------------------------------
Clock Name:         clk
Waveform(ns):       { 0.000 1.250 }
Period(ns):         2.500
Sources:            { clk }

Check Type        Corner  Lib Pin     Reference Pin  Required(ns)  Actual(ns)  Slack(ns)  Location       Pin
Min Period        n/a     SRL16E/CLK  n/a            1.146         2.500       1.354      SLICE_X28Y114  done_delay_reg[12]_srl13___done_delay_reg_r_11/CLK
Min Period        n/a     SRL16E/CLK  n/a            1.146         2.500       1.354      SLICE_X28Y104  first_output_reg[11]_srl12___done_delay_reg_r_10/CLK
Min Period        n/a     SRL16E/CLK  n/a            1.146         2.500       1.354      SLICE_X28Y114  last_output_reg[12]_srl13___done_delay_reg_r_11/CLK
Min Period        n/a     SRL16E/CLK  n/a            1.146         2.500       1.354      SLICE_X28Y72   genblk1[12].a_sr_reg[2][0]_srl2/CLK
Min Period        n/a     SRL16E/CLK  n/a            1.146         2.500       1.354      SLICE_X28Y72   genblk1[12].a_sr_reg[2][10]_srl2/CLK
Min Period        n/a     SRL16E/CLK  n/a            1.146         2.500       1.354      SLICE_X28Y72   genblk1[12].a_sr_reg[2][11]_srl2/CLK
Min Period        n/a     SRL16E/CLK  n/a            1.146         2.500       1.354      SLICE_X28Y72   genblk1[12].a_sr_reg[2][12]_srl2/CLK
Min Period        n/a     SRL16E/CLK  n/a            1.146         2.500       1.354      SLICE_X28Y72   genblk1[12].a_sr_reg[2][13]_srl2/CLK
Min Period        n/a     SRL16E/CLK  n/a            1.146         2.500       1.354      SLICE_X28Y72   genblk1[12].a_sr_reg[2][14]_srl2/CLK
Min Period        n/a     SRL16E/CLK  n/a            1.146         2.500       1.354      SLICE_X28Y72   genblk1[12].a_sr_reg[2][15]_srl2/CLK
Low Pulse Width   Slow    SRL16E/CLK  n/a            0.573         1.250       0.677      SLICE_X28Y114  done_delay_reg[12]_srl13___done_delay_reg_r_11/CLK
Low Pulse Width   Fast    SRL16E/CLK  n/a            0.573         1.250       0.677      SLICE_X28Y114  done_delay_reg[12]_srl13___done_delay_reg_r_11/CLK
Low Pulse Width   Slow    SRL16E/CLK  n/a            0.573         1.250       0.677      SLICE_X28Y104  first_output_reg[11]_srl12___done_delay_reg_r_10/CLK
Low Pulse Width   Fast    SRL16E/CLK  n/a            0.573         1.250       0.677      SLICE_X28Y104  first_output_reg[11]_srl12___done_delay_reg_r_10/CLK
Low Pulse Width   Slow    SRL16E/CLK  n/a            0.573         1.250       0.677      SLICE_X28Y114  last_output_reg[12]_srl13___done_delay_reg_r_11/CLK
Low Pulse Width   Fast    SRL16E/CLK  n/a            0.573         1.250       0.677      SLICE_X28Y114  last_output_reg[12]_srl13___done_delay_reg_r_11/CLK
Low Pulse Width   Slow    SRL16E/CLK  n/a            0.573         1.250       0.677      SLICE_X28Y72   genblk1[12].a_sr_reg[2][0]_srl2/CLK
Low Pulse Width   Fast    SRL16E/CLK  n/a            0.573         1.250       0.677      SLICE_X28Y72   genblk1[12].a_sr_reg[2][0]_srl2/CLK
Low Pulse Width   Slow    SRL16E/CLK  n/a            0.573         1.250       0.677      SLICE_X28Y72   genblk1[12].a_sr_reg[2][10]_srl2/CLK
Low Pulse Width   Fast    SRL16E/CLK  n/a            0.573         1.250       0.677      SLICE_X28Y72   genblk1[12].a_sr_reg[2][10]_srl2/CLK
High Pulse Width  Slow    SRL16E/CLK  n/a            0.573         1.250       0.677      SLICE_X28Y114  done_delay_reg[12]_srl13___done_delay_reg_r_11/CLK
High Pulse Width  Fast    SRL16E/CLK  n/a            0.573         1.250       0.677      SLICE_X28Y114  done_delay_reg[12]_srl13___done_delay_reg_r_11/CLK
High Pulse Width  Slow    SRL16E/CLK  n/a            0.573         1.250       0.677      SLICE_X28Y104  first_output_reg[11]_srl12___done_delay_reg_r_10/CLK
High Pulse Width  Fast    SRL16E/CLK  n/a            0.573         1.250       0.677      SLICE_X28Y104  first_output_reg[11]_srl12___done_delay_reg_r_10/CLK
High Pulse Width  Slow    SRL16E/CLK  n/a            0.573         1.250       0.677      SLICE_X28Y114  last_output_reg[12]_srl13___done_delay_reg_r_11/CLK
High Pulse Width  Fast    SRL16E/CLK  n/a            0.573         1.250       0.677      SLICE_X28Y114  last_output_reg[12]_srl13___done_delay_reg_r_11/CLK
High Pulse Width  Slow    SRL16E/CLK  n/a            0.573         1.250       0.677      SLICE_X28Y72   genblk1[12].a_sr_reg[2][0]_srl2/CLK
High Pulse Width  Fast    SRL16E/CLK  n/a            0.573         1.250       0.677      SLICE_X28Y72   genblk1[12].a_sr_reg[2][0]_srl2/CLK
High Pulse Width  Slow    SRL16E/CLK  n/a            0.573         1.250       0.677      SLICE_X28Y72   genblk1[12].a_sr_reg[2][10]_srl2/CLK
High Pulse Width  Fast    SRL16E/CLK  n/a            0.573         1.250       0.677      SLICE_X28Y72   genblk1[12].a_sr_reg[2][10]_srl2/CLK



