Copyright 1986-2020 Xilinx, Inc. All Rights Reserved.
-----------------------------------------------------------------------------------------------------------------------------------------------------
| Tool Version : Vivado v.2020.2 (win64) Build 3064766 Wed Nov 18 09:12:45 MST 2020
| Date         : Mon Aug 24 12:52:38 2026
| Host         : DESKTOP-DLOB77A running 64-bit major release  (build 9200)
| Command      : report_utilization -hierarchical -file C:/Users/user/Documents/JH/project_mobilenetV2/power_compare/results/cascade/utilization.rpt
| Design       : pointwise_after_depth
| Device       : xczu3egsbva484-1
| Design State : Routed
-----------------------------------------------------------------------------------------------------------------------------------------------------

Utilization Design Information

Table of Contents
-----------------
1. Utilization by Hierarchy

1. Utilization by Hierarchy
---------------------------

+--------------------------------------+-------------------------------------------------+------------+------------+---------+------+------+--------+--------+------+------------+
|               Instance               |                      Module                     | Total LUTs | Logic LUTs | LUTRAMs | SRLs |  FFs | RAMB36 | RAMB18 | URAM | DSP Blocks |
+--------------------------------------+-------------------------------------------------+------------+------------+---------+------+------+--------+--------+------+------------+
| pointwise_after_depth                |                                           (top) |        769 |        254 |       0 |  515 | 4228 |      0 |      0 |    0 |         64 |
|   (pointwise_after_depth)            |                                           (top) |        657 |        142 |       0 |  515 | 3828 |      0 |      0 |    0 |          0 |
|   genblk2[0].genblk1[1].u_middle     |                              dsp48_middle_point |          0 |          0 |       0 |    0 |    6 |      0 |      0 |    0 |          1 |
|     U0                               |                     xbip_dsp48_macro_v3_0_18__1 |          0 |          0 |       0 |    0 |    6 |      0 |      0 |    0 |          1 |
|       i_synth                        |                 xbip_dsp48_macro_v3_0_18_viv__1 |          0 |          0 |       0 |    0 |    6 |      0 |      0 |    0 |          1 |
|         i_synth_option.i_synth_model |                      xbip_dsp48_macro_synth_495 |          0 |          0 |       0 |    0 |    6 |      0 |      0 |    0 |          1 |
|           i_carryin4                 |        xbip_pipe_v3_0_6_viv__parameterized5_498 |          0 |          0 |       0 |    0 |    0 |      0 |      0 |    0 |          0 |
|           i_op3                      |        xbip_pipe_v3_0_6_viv__parameterized3_499 |          0 |          0 |       0 |    0 |    3 |      0 |      0 |    0 |          0 |
|           i_op4                      |        xbip_pipe_v3_0_6_viv__parameterized3_500 |          0 |          0 |       0 |    0 |    3 |      0 |      0 |    0 |          0 |
|           opt_8series.i_uniwrap      |                   xbip_dsp48e2_wrapper_v3_0_501 |          0 |          0 |       0 |    0 |    0 |      0 |      0 |    0 |          1 |
|   genblk2[0].genblk1[2].u_middle     |                            dsp48_middle_point_0 |          0 |          0 |       0 |    0 |    6 |      0 |      0 |    0 |          1 |
|     U0                               |                     xbip_dsp48_macro_v3_0_18__2 |          0 |          0 |       0 |    0 |    6 |      0 |      0 |    0 |          1 |
|       i_synth                        |                 xbip_dsp48_macro_v3_0_18_viv__2 |          0 |          0 |       0 |    0 |    6 |      0 |      0 |    0 |          1 |
|         i_synth_option.i_synth_model |                      xbip_dsp48_macro_synth_488 |          0 |          0 |       0 |    0 |    6 |      0 |      0 |    0 |          1 |
|           i_carryin4                 |        xbip_pipe_v3_0_6_viv__parameterized5_491 |          0 |          0 |       0 |    0 |    0 |      0 |      0 |    0 |          0 |
|           i_op3                      |        xbip_pipe_v3_0_6_viv__parameterized3_492 |          0 |          0 |       0 |    0 |    3 |      0 |      0 |    0 |          0 |
|           i_op4                      |        xbip_pipe_v3_0_6_viv__parameterized3_493 |          0 |          0 |       0 |    0 |    3 |      0 |      0 |    0 |          0 |
|           opt_8series.i_uniwrap      |                   xbip_dsp48e2_wrapper_v3_0_494 |          0 |          0 |       0 |    0 |    0 |      0 |      0 |    0 |          1 |
|   genblk2[0].genblk1[3].u_middle     |                            dsp48_middle_point_1 |          0 |          0 |       0 |    0 |    6 |      0 |      0 |    0 |          1 |
|     U0                               |                     xbip_dsp48_macro_v3_0_18__3 |          0 |          0 |       0 |    0 |    6 |      0 |      0 |    0 |          1 |
|       i_synth                        |                 xbip_dsp48_macro_v3_0_18_viv__3 |          0 |          0 |       0 |    0 |    6 |      0 |      0 |    0 |          1 |
|         i_synth_option.i_synth_model |                      xbip_dsp48_macro_synth_481 |          0 |          0 |       0 |    0 |    6 |      0 |      0 |    0 |          1 |
|           i_carryin4                 |        xbip_pipe_v3_0_6_viv__parameterized5_484 |          0 |          0 |       0 |    0 |    0 |      0 |      0 |    0 |          0 |
|           i_op3                      |        xbip_pipe_v3_0_6_viv__parameterized3_485 |          0 |          0 |       0 |    0 |    3 |      0 |      0 |    0 |          0 |
|           i_op4                      |        xbip_pipe_v3_0_6_viv__parameterized3_486 |          0 |          0 |       0 |    0 |    3 |      0 |      0 |    0 |          0 |
|           opt_8series.i_uniwrap      |                   xbip_dsp48e2_wrapper_v3_0_487 |          0 |          0 |       0 |    0 |    0 |      0 |      0 |    0 |          1 |
|   genblk2[0].genblk1[4].u_middle     |                            dsp48_middle_point_2 |          0 |          0 |       0 |    0 |    6 |      0 |      0 |    0 |          1 |
|     U0                               |                     xbip_dsp48_macro_v3_0_18__4 |          0 |          0 |       0 |    0 |    6 |      0 |      0 |    0 |          1 |
|       i_synth                        |                 xbip_dsp48_macro_v3_0_18_viv__4 |          0 |          0 |       0 |    0 |    6 |      0 |      0 |    0 |          1 |
|         i_synth_option.i_synth_model |                      xbip_dsp48_macro_synth_474 |          0 |          0 |       0 |    0 |    6 |      0 |      0 |    0 |          1 |
|           i_carryin4                 |        xbip_pipe_v3_0_6_viv__parameterized5_477 |          0 |          0 |       0 |    0 |    0 |      0 |      0 |    0 |          0 |
|           i_op3                      |        xbip_pipe_v3_0_6_viv__parameterized3_478 |          0 |          0 |       0 |    0 |    3 |      0 |      0 |    0 |          0 |
|           i_op4                      |        xbip_pipe_v3_0_6_viv__parameterized3_479 |          0 |          0 |       0 |    0 |    3 |      0 |      0 |    0 |          0 |
|           opt_8series.i_uniwrap      |                   xbip_dsp48e2_wrapper_v3_0_480 |          0 |          0 |       0 |    0 |    0 |      0 |      0 |    0 |          1 |
|   genblk2[0].genblk1[5].u_middle     |                            dsp48_middle_point_3 |          0 |          0 |       0 |    0 |    6 |      0 |      0 |    0 |          1 |
|     U0                               |                     xbip_dsp48_macro_v3_0_18__5 |          0 |          0 |       0 |    0 |    6 |      0 |      0 |    0 |          1 |
|       i_synth                        |                 xbip_dsp48_macro_v3_0_18_viv__5 |          0 |          0 |       0 |    0 |    6 |      0 |      0 |    0 |          1 |
|         i_synth_option.i_synth_model |                      xbip_dsp48_macro_synth_467 |          0 |          0 |       0 |    0 |    6 |      0 |      0 |    0 |          1 |
|           i_carryin4                 |        xbip_pipe_v3_0_6_viv__parameterized5_470 |          0 |          0 |       0 |    0 |    0 |      0 |      0 |    0 |          0 |
|           i_op3                      |        xbip_pipe_v3_0_6_viv__parameterized3_471 |          0 |          0 |       0 |    0 |    3 |      0 |      0 |    0 |          0 |
|           i_op4                      |        xbip_pipe_v3_0_6_viv__parameterized3_472 |          0 |          0 |       0 |    0 |    3 |      0 |      0 |    0 |          0 |
|           opt_8series.i_uniwrap      |                   xbip_dsp48e2_wrapper_v3_0_473 |          0 |          0 |       0 |    0 |    0 |      0 |      0 |    0 |          1 |
|   genblk2[0].genblk1[6].u_middle     |                            dsp48_middle_point_4 |          0 |          0 |       0 |    0 |    6 |      0 |      0 |    0 |          1 |
|     U0                               |                     xbip_dsp48_macro_v3_0_18__6 |          0 |          0 |       0 |    0 |    6 |      0 |      0 |    0 |          1 |
|       i_synth                        |                 xbip_dsp48_macro_v3_0_18_viv__6 |          0 |          0 |       0 |    0 |    6 |      0 |      0 |    0 |          1 |
|         i_synth_option.i_synth_model |                      xbip_dsp48_macro_synth_460 |          0 |          0 |       0 |    0 |    6 |      0 |      0 |    0 |          1 |
|           i_carryin4                 |        xbip_pipe_v3_0_6_viv__parameterized5_463 |          0 |          0 |       0 |    0 |    0 |      0 |      0 |    0 |          0 |
|           i_op3                      |        xbip_pipe_v3_0_6_viv__parameterized3_464 |          0 |          0 |       0 |    0 |    3 |      0 |      0 |    0 |          0 |
|           i_op4                      |        xbip_pipe_v3_0_6_viv__parameterized3_465 |          0 |          0 |       0 |    0 |    3 |      0 |      0 |    0 |          0 |
|           opt_8series.i_uniwrap      |                   xbip_dsp48e2_wrapper_v3_0_466 |          0 |          0 |       0 |    0 |    0 |      0 |      0 |    0 |          1 |
|   genblk2[0].u_first                 |                               dsp48_first_point |          0 |          0 |       0 |    0 |    8 |      0 |      0 |    0 |          1 |
|     U0                               |     xbip_dsp48_macro_v3_0_18__parameterized1__1 |          0 |          0 |       0 |    0 |    8 |      0 |      0 |    0 |          1 |
|       i_synth                        | xbip_dsp48_macro_v3_0_18_viv__parameterized1__1 |          0 |          0 |       0 |    0 |    8 |      0 |      0 |    0 |          1 |
|         i_synth_option.i_synth_model |      xbip_dsp48_macro_synth__parameterized0_453 |          0 |          0 |       0 |    0 |    8 |      0 |      0 |    0 |          1 |
|           i_carryin4                 |        xbip_pipe_v3_0_6_viv__parameterized5_456 |          0 |          0 |       0 |    0 |    1 |      0 |      0 |    0 |          0 |
|           i_op3                      |        xbip_pipe_v3_0_6_viv__parameterized3_457 |          0 |          0 |       0 |    0 |    4 |      0 |      0 |    0 |          0 |
|           i_op4                      |        xbip_pipe_v3_0_6_viv__parameterized3_458 |          0 |          0 |       0 |    0 |    3 |      0 |      0 |    0 |          0 |
|           opt_8series.i_uniwrap      |                   xbip_dsp48e2_wrapper_v3_0_459 |          0 |          0 |       0 |    0 |    0 |      0 |      0 |    0 |          1 |
|   genblk2[0].u_last                  |                                dsp48_last_point |         28 |         28 |       0 |    0 |    6 |      0 |      0 |    0 |          1 |
|     (genblk2[0].u_last)              |                                dsp48_last_point |         28 |         28 |       0 |    0 |    0 |      0 |      0 |    0 |          0 |
|     U0                               |     xbip_dsp48_macro_v3_0_18__parameterized3__1 |          0 |          0 |       0 |    0 |    6 |      0 |      0 |    0 |          1 |
|       i_synth                        | xbip_dsp48_macro_v3_0_18_viv__parameterized3__1 |          0 |          0 |       0 |    0 |    6 |      0 |      0 |    0 |          1 |
|         i_synth_option.i_synth_model |      xbip_dsp48_macro_synth__parameterized1_446 |          0 |          0 |       0 |    0 |    6 |      0 |      0 |    0 |          1 |
|           i_carryin4                 |        xbip_pipe_v3_0_6_viv__parameterized5_449 |          0 |          0 |       0 |    0 |    0 |      0 |      0 |    0 |          0 |
|           i_op3                      |        xbip_pipe_v3_0_6_viv__parameterized3_450 |          0 |          0 |       0 |    0 |    3 |      0 |      0 |    0 |          0 |
|           i_op4                      |        xbip_pipe_v3_0_6_viv__parameterized3_451 |          0 |          0 |       0 |    0 |    3 |      0 |      0 |    0 |          0 |
|           opt_8series.i_uniwrap      |                   xbip_dsp48e2_wrapper_v3_0_452 |          0 |          0 |       0 |    0 |    0 |      0 |      0 |    0 |          1 |
|   genblk2[1].genblk1[1].u_middle     |                            dsp48_middle_point_5 |          0 |          0 |       0 |    0 |    6 |      0 |      0 |    0 |          1 |
|     U0                               |                     xbip_dsp48_macro_v3_0_18__7 |          0 |          0 |       0 |    0 |    6 |      0 |      0 |    0 |          1 |
|       i_synth                        |                 xbip_dsp48_macro_v3_0_18_viv__7 |          0 |          0 |       0 |    0 |    6 |      0 |      0 |    0 |          1 |
|         i_synth_option.i_synth_model |                      xbip_dsp48_macro_synth_439 |          0 |          0 |       0 |    0 |    6 |      0 |      0 |    0 |          1 |
|           i_carryin4                 |        xbip_pipe_v3_0_6_viv__parameterized5_442 |          0 |          0 |       0 |    0 |    0 |      0 |      0 |    0 |          0 |
|           i_op3                      |        xbip_pipe_v3_0_6_viv__parameterized3_443 |          0 |          0 |       0 |    0 |    3 |      0 |      0 |    0 |          0 |
|           i_op4                      |        xbip_pipe_v3_0_6_viv__parameterized3_444 |          0 |          0 |       0 |    0 |    3 |      0 |      0 |    0 |          0 |
|           opt_8series.i_uniwrap      |                   xbip_dsp48e2_wrapper_v3_0_445 |          0 |          0 |       0 |    0 |    0 |      0 |      0 |    0 |          1 |
|   genblk2[1].genblk1[2].u_middle     |                            dsp48_middle_point_6 |          0 |          0 |       0 |    0 |    6 |      0 |      0 |    0 |          1 |
|     U0                               |                     xbip_dsp48_macro_v3_0_18__8 |          0 |          0 |       0 |    0 |    6 |      0 |      0 |    0 |          1 |
|       i_synth                        |                 xbip_dsp48_macro_v3_0_18_viv__8 |          0 |          0 |       0 |    0 |    6 |      0 |      0 |    0 |          1 |
|         i_synth_option.i_synth_model |                      xbip_dsp48_macro_synth_432 |          0 |          0 |       0 |    0 |    6 |      0 |      0 |    0 |          1 |
|           i_carryin4                 |        xbip_pipe_v3_0_6_viv__parameterized5_435 |          0 |          0 |       0 |    0 |    0 |      0 |      0 |    0 |          0 |
|           i_op3                      |        xbip_pipe_v3_0_6_viv__parameterized3_436 |          0 |          0 |       0 |    0 |    3 |      0 |      0 |    0 |          0 |
|           i_op4                      |        xbip_pipe_v3_0_6_viv__parameterized3_437 |          0 |          0 |       0 |    0 |    3 |      0 |      0 |    0 |          0 |
|           opt_8series.i_uniwrap      |                   xbip_dsp48e2_wrapper_v3_0_438 |          0 |          0 |       0 |    0 |    0 |      0 |      0 |    0 |          1 |
|   genblk2[1].genblk1[3].u_middle     |                            dsp48_middle_point_7 |          0 |          0 |       0 |    0 |    6 |      0 |      0 |    0 |          1 |
|     U0                               |                     xbip_dsp48_macro_v3_0_18__9 |          0 |          0 |       0 |    0 |    6 |      0 |      0 |    0 |          1 |
|       i_synth                        |                 xbip_dsp48_macro_v3_0_18_viv__9 |          0 |          0 |       0 |    0 |    6 |      0 |      0 |    0 |          1 |
|         i_synth_option.i_synth_model |                      xbip_dsp48_macro_synth_425 |          0 |          0 |       0 |    0 |    6 |      0 |      0 |    0 |          1 |
|           i_carryin4                 |        xbip_pipe_v3_0_6_viv__parameterized5_428 |          0 |          0 |       0 |    0 |    0 |      0 |      0 |    0 |          0 |
|           i_op3                      |        xbip_pipe_v3_0_6_viv__parameterized3_429 |          0 |          0 |       0 |    0 |    3 |      0 |      0 |    0 |          0 |
|           i_op4                      |        xbip_pipe_v3_0_6_viv__parameterized3_430 |          0 |          0 |       0 |    0 |    3 |      0 |      0 |    0 |          0 |
|           opt_8series.i_uniwrap      |                   xbip_dsp48e2_wrapper_v3_0_431 |          0 |          0 |       0 |    0 |    0 |      0 |      0 |    0 |          1 |
|   genblk2[1].genblk1[4].u_middle     |                            dsp48_middle_point_8 |          0 |          0 |       0 |    0 |    6 |      0 |      0 |    0 |          1 |
|     U0                               |                    xbip_dsp48_macro_v3_0_18__10 |          0 |          0 |       0 |    0 |    6 |      0 |      0 |    0 |          1 |
|       i_synth                        |                xbip_dsp48_macro_v3_0_18_viv__10 |          0 |          0 |       0 |    0 |    6 |      0 |      0 |    0 |          1 |
|         i_synth_option.i_synth_model |                      xbip_dsp48_macro_synth_418 |          0 |          0 |       0 |    0 |    6 |      0 |      0 |    0 |          1 |
|           i_carryin4                 |        xbip_pipe_v3_0_6_viv__parameterized5_421 |          0 |          0 |       0 |    0 |    0 |      0 |      0 |    0 |          0 |
|           i_op3                      |        xbip_pipe_v3_0_6_viv__parameterized3_422 |          0 |          0 |       0 |    0 |    3 |      0 |      0 |    0 |          0 |
|           i_op4                      |        xbip_pipe_v3_0_6_viv__parameterized3_423 |          0 |          0 |       0 |    0 |    3 |      0 |      0 |    0 |          0 |
|           opt_8series.i_uniwrap      |                   xbip_dsp48e2_wrapper_v3_0_424 |          0 |          0 |       0 |    0 |    0 |      0 |      0 |    0 |          1 |
|   genblk2[1].genblk1[5].u_middle     |                            dsp48_middle_point_9 |          0 |          0 |       0 |    0 |    6 |      0 |      0 |    0 |          1 |
|     U0                               |                    xbip_dsp48_macro_v3_0_18__11 |          0 |          0 |       0 |    0 |    6 |      0 |      0 |    0 |          1 |
|       i_synth                        |                xbip_dsp48_macro_v3_0_18_viv__11 |          0 |          0 |       0 |    0 |    6 |      0 |      0 |    0 |          1 |
|         i_synth_option.i_synth_model |                      xbip_dsp48_macro_synth_411 |          0 |          0 |       0 |    0 |    6 |      0 |      0 |    0 |          1 |
|           i_carryin4                 |        xbip_pipe_v3_0_6_viv__parameterized5_414 |          0 |          0 |       0 |    0 |    0 |      0 |      0 |    0 |          0 |
|           i_op3                      |        xbip_pipe_v3_0_6_viv__parameterized3_415 |          0 |          0 |       0 |    0 |    3 |      0 |      0 |    0 |          0 |
|           i_op4                      |        xbip_pipe_v3_0_6_viv__parameterized3_416 |          0 |          0 |       0 |    0 |    3 |      0 |      0 |    0 |          0 |
|           opt_8series.i_uniwrap      |                   xbip_dsp48e2_wrapper_v3_0_417 |          0 |          0 |       0 |    0 |    0 |      0 |      0 |    0 |          1 |
|   genblk2[1].genblk1[6].u_middle     |                           dsp48_middle_point_10 |          0 |          0 |       0 |    0 |    6 |      0 |      0 |    0 |          1 |
|     U0                               |                    xbip_dsp48_macro_v3_0_18__12 |          0 |          0 |       0 |    0 |    6 |      0 |      0 |    0 |          1 |
|       i_synth                        |                xbip_dsp48_macro_v3_0_18_viv__12 |          0 |          0 |       0 |    0 |    6 |      0 |      0 |    0 |          1 |
|         i_synth_option.i_synth_model |                      xbip_dsp48_macro_synth_404 |          0 |          0 |       0 |    0 |    6 |      0 |      0 |    0 |          1 |
|           i_carryin4                 |        xbip_pipe_v3_0_6_viv__parameterized5_407 |          0 |          0 |       0 |    0 |    0 |      0 |      0 |    0 |          0 |
|           i_op3                      |        xbip_pipe_v3_0_6_viv__parameterized3_408 |          0 |          0 |       0 |    0 |    3 |      0 |      0 |    0 |          0 |
|           i_op4                      |        xbip_pipe_v3_0_6_viv__parameterized3_409 |          0 |          0 |       0 |    0 |    3 |      0 |      0 |    0 |          0 |
|           opt_8series.i_uniwrap      |                   xbip_dsp48e2_wrapper_v3_0_410 |          0 |          0 |       0 |    0 |    0 |      0 |      0 |    0 |          1 |
|   genblk2[1].u_first                 |                            dsp48_first_point_11 |          0 |          0 |       0 |    0 |    8 |      0 |      0 |    0 |          1 |
|     U0                               |     xbip_dsp48_macro_v3_0_18__parameterized1__2 |          0 |          0 |       0 |    0 |    8 |      0 |      0 |    0 |          1 |
|       i_synth                        | xbip_dsp48_macro_v3_0_18_viv__parameterized1__2 |          0 |          0 |       0 |    0 |    8 |      0 |      0 |    0 |          1 |
|         i_synth_option.i_synth_model |      xbip_dsp48_macro_synth__parameterized0_397 |          0 |          0 |       0 |    0 |    8 |      0 |      0 |    0 |          1 |
|           i_carryin4                 |        xbip_pipe_v3_0_6_viv__parameterized5_400 |          0 |          0 |       0 |    0 |    1 |      0 |      0 |    0 |          0 |
|           i_op3                      |        xbip_pipe_v3_0_6_viv__parameterized3_401 |          0 |          0 |       0 |    0 |    4 |      0 |      0 |    0 |          0 |
|           i_op4                      |        xbip_pipe_v3_0_6_viv__parameterized3_402 |          0 |          0 |       0 |    0 |    3 |      0 |      0 |    0 |          0 |
|           opt_8series.i_uniwrap      |                   xbip_dsp48e2_wrapper_v3_0_403 |          0 |          0 |       0 |    0 |    0 |      0 |      0 |    0 |          1 |
|   genblk2[1].u_last                  |                             dsp48_last_point_12 |          0 |          0 |       0 |    0 |    6 |      0 |      0 |    0 |          1 |
|     U0                               |     xbip_dsp48_macro_v3_0_18__parameterized3__2 |          0 |          0 |       0 |    0 |    6 |      0 |      0 |    0 |          1 |
|       i_synth                        | xbip_dsp48_macro_v3_0_18_viv__parameterized3__2 |          0 |          0 |       0 |    0 |    6 |      0 |      0 |    0 |          1 |
|         i_synth_option.i_synth_model |      xbip_dsp48_macro_synth__parameterized1_390 |          0 |          0 |       0 |    0 |    6 |      0 |      0 |    0 |          1 |
|           i_carryin4                 |        xbip_pipe_v3_0_6_viv__parameterized5_393 |          0 |          0 |       0 |    0 |    0 |      0 |      0 |    0 |          0 |
|           i_op3                      |        xbip_pipe_v3_0_6_viv__parameterized3_394 |          0 |          0 |       0 |    0 |    3 |      0 |      0 |    0 |          0 |
|           i_op4                      |        xbip_pipe_v3_0_6_viv__parameterized3_395 |          0 |          0 |       0 |    0 |    3 |      0 |      0 |    0 |          0 |
|           opt_8series.i_uniwrap      |                   xbip_dsp48e2_wrapper_v3_0_396 |          0 |          0 |       0 |    0 |    0 |      0 |      0 |    0 |          1 |
|   genblk2[2].genblk1[1].u_middle     |                           dsp48_middle_point_13 |          0 |          0 |       0 |    0 |    6 |      0 |      0 |    0 |          1 |
|     U0                               |                    xbip_dsp48_macro_v3_0_18__13 |          0 |          0 |       0 |    0 |    6 |      0 |      0 |    0 |          1 |
|       i_synth                        |                xbip_dsp48_macro_v3_0_18_viv__13 |          0 |          0 |       0 |    0 |    6 |      0 |      0 |    0 |          1 |
|         i_synth_option.i_synth_model |                      xbip_dsp48_macro_synth_383 |          0 |          0 |       0 |    0 |    6 |      0 |      0 |    0 |          1 |
|           i_carryin4                 |        xbip_pipe_v3_0_6_viv__parameterized5_386 |          0 |          0 |       0 |    0 |    0 |      0 |      0 |    0 |          0 |
|           i_op3                      |        xbip_pipe_v3_0_6_viv__parameterized3_387 |          0 |          0 |       0 |    0 |    3 |      0 |      0 |    0 |          0 |
|           i_op4                      |        xbip_pipe_v3_0_6_viv__parameterized3_388 |          0 |          0 |       0 |    0 |    3 |      0 |      0 |    0 |          0 |
|           opt_8series.i_uniwrap      |                   xbip_dsp48e2_wrapper_v3_0_389 |          0 |          0 |       0 |    0 |    0 |      0 |      0 |    0 |          1 |
|   genblk2[2].genblk1[2].u_middle     |                           dsp48_middle_point_14 |          0 |          0 |       0 |    0 |    6 |      0 |      0 |    0 |          1 |
|     U0                               |                    xbip_dsp48_macro_v3_0_18__14 |          0 |          0 |       0 |    0 |    6 |      0 |      0 |    0 |          1 |
|       i_synth                        |                xbip_dsp48_macro_v3_0_18_viv__14 |          0 |          0 |       0 |    0 |    6 |      0 |      0 |    0 |          1 |
|         i_synth_option.i_synth_model |                      xbip_dsp48_macro_synth_376 |          0 |          0 |       0 |    0 |    6 |      0 |      0 |    0 |          1 |
|           i_carryin4                 |        xbip_pipe_v3_0_6_viv__parameterized5_379 |          0 |          0 |       0 |    0 |    0 |      0 |      0 |    0 |          0 |
|           i_op3                      |        xbip_pipe_v3_0_6_viv__parameterized3_380 |          0 |          0 |       0 |    0 |    3 |      0 |      0 |    0 |          0 |
|           i_op4                      |        xbip_pipe_v3_0_6_viv__parameterized3_381 |          0 |          0 |       0 |    0 |    3 |      0 |      0 |    0 |          0 |
|           opt_8series.i_uniwrap      |                   xbip_dsp48e2_wrapper_v3_0_382 |          0 |          0 |       0 |    0 |    0 |      0 |      0 |    0 |          1 |
|   genblk2[2].genblk1[3].u_middle     |                           dsp48_middle_point_15 |          0 |          0 |       0 |    0 |    6 |      0 |      0 |    0 |          1 |
|     U0                               |                    xbip_dsp48_macro_v3_0_18__15 |          0 |          0 |       0 |    0 |    6 |      0 |      0 |    0 |          1 |
|       i_synth                        |                xbip_dsp48_macro_v3_0_18_viv__15 |          0 |          0 |       0 |    0 |    6 |      0 |      0 |    0 |          1 |
|         i_synth_option.i_synth_model |                      xbip_dsp48_macro_synth_369 |          0 |          0 |       0 |    0 |    6 |      0 |      0 |    0 |          1 |
|           i_carryin4                 |        xbip_pipe_v3_0_6_viv__parameterized5_372 |          0 |          0 |       0 |    0 |    0 |      0 |      0 |    0 |          0 |
|           i_op3                      |        xbip_pipe_v3_0_6_viv__parameterized3_373 |          0 |          0 |       0 |    0 |    3 |      0 |      0 |    0 |          0 |
|           i_op4                      |        xbip_pipe_v3_0_6_viv__parameterized3_374 |          0 |          0 |       0 |    0 |    3 |      0 |      0 |    0 |          0 |
|           opt_8series.i_uniwrap      |                   xbip_dsp48e2_wrapper_v3_0_375 |          0 |          0 |       0 |    0 |    0 |      0 |      0 |    0 |          1 |
|   genblk2[2].genblk1[4].u_middle     |                           dsp48_middle_point_16 |          0 |          0 |       0 |    0 |    6 |      0 |      0 |    0 |          1 |
|     U0                               |                    xbip_dsp48_macro_v3_0_18__16 |          0 |          0 |       0 |    0 |    6 |      0 |      0 |    0 |          1 |
|       i_synth                        |                xbip_dsp48_macro_v3_0_18_viv__16 |          0 |          0 |       0 |    0 |    6 |      0 |      0 |    0 |          1 |
|         i_synth_option.i_synth_model |                      xbip_dsp48_macro_synth_362 |          0 |          0 |       0 |    0 |    6 |      0 |      0 |    0 |          1 |
|           i_carryin4                 |        xbip_pipe_v3_0_6_viv__parameterized5_365 |          0 |          0 |       0 |    0 |    0 |      0 |      0 |    0 |          0 |
|           i_op3                      |        xbip_pipe_v3_0_6_viv__parameterized3_366 |          0 |          0 |       0 |    0 |    3 |      0 |      0 |    0 |          0 |
|           i_op4                      |        xbip_pipe_v3_0_6_viv__parameterized3_367 |          0 |          0 |       0 |    0 |    3 |      0 |      0 |    0 |          0 |
|           opt_8series.i_uniwrap      |                   xbip_dsp48e2_wrapper_v3_0_368 |          0 |          0 |       0 |    0 |    0 |      0 |      0 |    0 |          1 |
|   genblk2[2].genblk1[5].u_middle     |                           dsp48_middle_point_17 |          0 |          0 |       0 |    0 |    6 |      0 |      0 |    0 |          1 |
|     U0                               |                    xbip_dsp48_macro_v3_0_18__17 |          0 |          0 |       0 |    0 |    6 |      0 |      0 |    0 |          1 |
|       i_synth                        |                xbip_dsp48_macro_v3_0_18_viv__17 |          0 |          0 |       0 |    0 |    6 |      0 |      0 |    0 |          1 |
|         i_synth_option.i_synth_model |                      xbip_dsp48_macro_synth_355 |          0 |          0 |       0 |    0 |    6 |      0 |      0 |    0 |          1 |
|           i_carryin4                 |        xbip_pipe_v3_0_6_viv__parameterized5_358 |          0 |          0 |       0 |    0 |    0 |      0 |      0 |    0 |          0 |
|           i_op3                      |        xbip_pipe_v3_0_6_viv__parameterized3_359 |          0 |          0 |       0 |    0 |    3 |      0 |      0 |    0 |          0 |
|           i_op4                      |        xbip_pipe_v3_0_6_viv__parameterized3_360 |          0 |          0 |       0 |    0 |    3 |      0 |      0 |    0 |          0 |
|           opt_8series.i_uniwrap      |                   xbip_dsp48e2_wrapper_v3_0_361 |          0 |          0 |       0 |    0 |    0 |      0 |      0 |    0 |          1 |
|   genblk2[2].genblk1[6].u_middle     |                           dsp48_middle_point_18 |          0 |          0 |       0 |    0 |    6 |      0 |      0 |    0 |          1 |
|     U0                               |                    xbip_dsp48_macro_v3_0_18__18 |          0 |          0 |       0 |    0 |    6 |      0 |      0 |    0 |          1 |
|       i_synth                        |                xbip_dsp48_macro_v3_0_18_viv__18 |          0 |          0 |       0 |    0 |    6 |      0 |      0 |    0 |          1 |
|         i_synth_option.i_synth_model |                      xbip_dsp48_macro_synth_348 |          0 |          0 |       0 |    0 |    6 |      0 |      0 |    0 |          1 |
|           i_carryin4                 |        xbip_pipe_v3_0_6_viv__parameterized5_351 |          0 |          0 |       0 |    0 |    0 |      0 |      0 |    0 |          0 |
|           i_op3                      |        xbip_pipe_v3_0_6_viv__parameterized3_352 |          0 |          0 |       0 |    0 |    3 |      0 |      0 |    0 |          0 |
|           i_op4                      |        xbip_pipe_v3_0_6_viv__parameterized3_353 |          0 |          0 |       0 |    0 |    3 |      0 |      0 |    0 |          0 |
|           opt_8series.i_uniwrap      |                   xbip_dsp48e2_wrapper_v3_0_354 |          0 |          0 |       0 |    0 |    0 |      0 |      0 |    0 |          1 |
|   genblk2[2].u_first                 |                            dsp48_first_point_19 |          0 |          0 |       0 |    0 |    8 |      0 |      0 |    0 |          1 |
|     U0                               |     xbip_dsp48_macro_v3_0_18__parameterized1__3 |          0 |          0 |       0 |    0 |    8 |      0 |      0 |    0 |          1 |
|       i_synth                        | xbip_dsp48_macro_v3_0_18_viv__parameterized1__3 |          0 |          0 |       0 |    0 |    8 |      0 |      0 |    0 |          1 |
|         i_synth_option.i_synth_model |      xbip_dsp48_macro_synth__parameterized0_341 |          0 |          0 |       0 |    0 |    8 |      0 |      0 |    0 |          1 |
|           i_carryin4                 |        xbip_pipe_v3_0_6_viv__parameterized5_344 |          0 |          0 |       0 |    0 |    1 |      0 |      0 |    0 |          0 |
|           i_op3                      |        xbip_pipe_v3_0_6_viv__parameterized3_345 |          0 |          0 |       0 |    0 |    4 |      0 |      0 |    0 |          0 |
|           i_op4                      |        xbip_pipe_v3_0_6_viv__parameterized3_346 |          0 |          0 |       0 |    0 |    3 |      0 |      0 |    0 |          0 |
|           opt_8series.i_uniwrap      |                   xbip_dsp48e2_wrapper_v3_0_347 |          0 |          0 |       0 |    0 |    0 |      0 |      0 |    0 |          1 |
|   genblk2[2].u_last                  |                             dsp48_last_point_20 |         28 |         28 |       0 |    0 |    6 |      0 |      0 |    0 |          1 |
|     (genblk2[2].u_last)              |                             dsp48_last_point_20 |         28 |         28 |       0 |    0 |    0 |      0 |      0 |    0 |          0 |
|     U0                               |     xbip_dsp48_macro_v3_0_18__parameterized3__3 |          0 |          0 |       0 |    0 |    6 |      0 |      0 |    0 |          1 |
|       i_synth                        | xbip_dsp48_macro_v3_0_18_viv__parameterized3__3 |          0 |          0 |       0 |    0 |    6 |      0 |      0 |    0 |          1 |
|         i_synth_option.i_synth_model |      xbip_dsp48_macro_synth__parameterized1_334 |          0 |          0 |       0 |    0 |    6 |      0 |      0 |    0 |          1 |
|           i_carryin4                 |        xbip_pipe_v3_0_6_viv__parameterized5_337 |          0 |          0 |       0 |    0 |    0 |      0 |      0 |    0 |          0 |
|           i_op3                      |        xbip_pipe_v3_0_6_viv__parameterized3_338 |          0 |          0 |       0 |    0 |    3 |      0 |      0 |    0 |          0 |
|           i_op4                      |        xbip_pipe_v3_0_6_viv__parameterized3_339 |          0 |          0 |       0 |    0 |    3 |      0 |      0 |    0 |          0 |
|           opt_8series.i_uniwrap      |                   xbip_dsp48e2_wrapper_v3_0_340 |          0 |          0 |       0 |    0 |    0 |      0 |      0 |    0 |          1 |
|   genblk2[3].genblk1[1].u_middle     |                           dsp48_middle_point_21 |          0 |          0 |       0 |    0 |    6 |      0 |      0 |    0 |          1 |
|     U0                               |                    xbip_dsp48_macro_v3_0_18__19 |          0 |          0 |       0 |    0 |    6 |      0 |      0 |    0 |          1 |
|       i_synth                        |                xbip_dsp48_macro_v3_0_18_viv__19 |          0 |          0 |       0 |    0 |    6 |      0 |      0 |    0 |          1 |
|         i_synth_option.i_synth_model |                      xbip_dsp48_macro_synth_327 |          0 |          0 |       0 |    0 |    6 |      0 |      0 |    0 |          1 |
|           i_carryin4                 |        xbip_pipe_v3_0_6_viv__parameterized5_330 |          0 |          0 |       0 |    0 |    0 |      0 |      0 |    0 |          0 |
|           i_op3                      |        xbip_pipe_v3_0_6_viv__parameterized3_331 |          0 |          0 |       0 |    0 |    3 |      0 |      0 |    0 |          0 |
|           i_op4                      |        xbip_pipe_v3_0_6_viv__parameterized3_332 |          0 |          0 |       0 |    0 |    3 |      0 |      0 |    0 |          0 |
|           opt_8series.i_uniwrap      |                   xbip_dsp48e2_wrapper_v3_0_333 |          0 |          0 |       0 |    0 |    0 |      0 |      0 |    0 |          1 |
|   genblk2[3].genblk1[2].u_middle     |                           dsp48_middle_point_22 |          0 |          0 |       0 |    0 |    6 |      0 |      0 |    0 |          1 |
|     U0                               |                    xbip_dsp48_macro_v3_0_18__20 |          0 |          0 |       0 |    0 |    6 |      0 |      0 |    0 |          1 |
|       i_synth                        |                xbip_dsp48_macro_v3_0_18_viv__20 |          0 |          0 |       0 |    0 |    6 |      0 |      0 |    0 |          1 |
|         i_synth_option.i_synth_model |                      xbip_dsp48_macro_synth_320 |          0 |          0 |       0 |    0 |    6 |      0 |      0 |    0 |          1 |
|           i_carryin4                 |        xbip_pipe_v3_0_6_viv__parameterized5_323 |          0 |          0 |       0 |    0 |    0 |      0 |      0 |    0 |          0 |
|           i_op3                      |        xbip_pipe_v3_0_6_viv__parameterized3_324 |          0 |          0 |       0 |    0 |    3 |      0 |      0 |    0 |          0 |
|           i_op4                      |        xbip_pipe_v3_0_6_viv__parameterized3_325 |          0 |          0 |       0 |    0 |    3 |      0 |      0 |    0 |          0 |
|           opt_8series.i_uniwrap      |                   xbip_dsp48e2_wrapper_v3_0_326 |          0 |          0 |       0 |    0 |    0 |      0 |      0 |    0 |          1 |
|   genblk2[3].genblk1[3].u_middle     |                           dsp48_middle_point_23 |          0 |          0 |       0 |    0 |    6 |      0 |      0 |    0 |          1 |
|     U0                               |                    xbip_dsp48_macro_v3_0_18__21 |          0 |          0 |       0 |    0 |    6 |      0 |      0 |    0 |          1 |
|       i_synth                        |                xbip_dsp48_macro_v3_0_18_viv__21 |          0 |          0 |       0 |    0 |    6 |      0 |      0 |    0 |          1 |
|         i_synth_option.i_synth_model |                      xbip_dsp48_macro_synth_313 |          0 |          0 |       0 |    0 |    6 |      0 |      0 |    0 |          1 |
|           i_carryin4                 |        xbip_pipe_v3_0_6_viv__parameterized5_316 |          0 |          0 |       0 |    0 |    0 |      0 |      0 |    0 |          0 |
|           i_op3                      |        xbip_pipe_v3_0_6_viv__parameterized3_317 |          0 |          0 |       0 |    0 |    3 |      0 |      0 |    0 |          0 |
|           i_op4                      |        xbip_pipe_v3_0_6_viv__parameterized3_318 |          0 |          0 |       0 |    0 |    3 |      0 |      0 |    0 |          0 |
|           opt_8series.i_uniwrap      |                   xbip_dsp48e2_wrapper_v3_0_319 |          0 |          0 |       0 |    0 |    0 |      0 |      0 |    0 |          1 |
|   genblk2[3].genblk1[4].u_middle     |                           dsp48_middle_point_24 |          0 |          0 |       0 |    0 |    6 |      0 |      0 |    0 |          1 |
|     U0                               |                    xbip_dsp48_macro_v3_0_18__22 |          0 |          0 |       0 |    0 |    6 |      0 |      0 |    0 |          1 |
|       i_synth                        |                xbip_dsp48_macro_v3_0_18_viv__22 |          0 |          0 |       0 |    0 |    6 |      0 |      0 |    0 |          1 |
|         i_synth_option.i_synth_model |                      xbip_dsp48_macro_synth_306 |          0 |          0 |       0 |    0 |    6 |      0 |      0 |    0 |          1 |
|           i_carryin4                 |        xbip_pipe_v3_0_6_viv__parameterized5_309 |          0 |          0 |       0 |    0 |    0 |      0 |      0 |    0 |          0 |
|           i_op3                      |        xbip_pipe_v3_0_6_viv__parameterized3_310 |          0 |          0 |       0 |    0 |    3 |      0 |      0 |    0 |          0 |
|           i_op4                      |        xbip_pipe_v3_0_6_viv__parameterized3_311 |          0 |          0 |       0 |    0 |    3 |      0 |      0 |    0 |          0 |
|           opt_8series.i_uniwrap      |                   xbip_dsp48e2_wrapper_v3_0_312 |          0 |          0 |       0 |    0 |    0 |      0 |      0 |    0 |          1 |
|   genblk2[3].genblk1[5].u_middle     |                           dsp48_middle_point_25 |          0 |          0 |       0 |    0 |    6 |      0 |      0 |    0 |          1 |
|     U0                               |                    xbip_dsp48_macro_v3_0_18__23 |          0 |          0 |       0 |    0 |    6 |      0 |      0 |    0 |          1 |
|       i_synth                        |                xbip_dsp48_macro_v3_0_18_viv__23 |          0 |          0 |       0 |    0 |    6 |      0 |      0 |    0 |          1 |
|         i_synth_option.i_synth_model |                      xbip_dsp48_macro_synth_299 |          0 |          0 |       0 |    0 |    6 |      0 |      0 |    0 |          1 |
|           i_carryin4                 |        xbip_pipe_v3_0_6_viv__parameterized5_302 |          0 |          0 |       0 |    0 |    0 |      0 |      0 |    0 |          0 |
|           i_op3                      |        xbip_pipe_v3_0_6_viv__parameterized3_303 |          0 |          0 |       0 |    0 |    3 |      0 |      0 |    0 |          0 |
|           i_op4                      |        xbip_pipe_v3_0_6_viv__parameterized3_304 |          0 |          0 |       0 |    0 |    3 |      0 |      0 |    0 |          0 |
|           opt_8series.i_uniwrap      |                   xbip_dsp48e2_wrapper_v3_0_305 |          0 |          0 |       0 |    0 |    0 |      0 |      0 |    0 |          1 |
|   genblk2[3].genblk1[6].u_middle     |                           dsp48_middle_point_26 |          0 |          0 |       0 |    0 |    6 |      0 |      0 |    0 |          1 |
|     U0                               |                    xbip_dsp48_macro_v3_0_18__24 |          0 |          0 |       0 |    0 |    6 |      0 |      0 |    0 |          1 |
|       i_synth                        |                xbip_dsp48_macro_v3_0_18_viv__24 |          0 |          0 |       0 |    0 |    6 |      0 |      0 |    0 |          1 |
|         i_synth_option.i_synth_model |                      xbip_dsp48_macro_synth_292 |          0 |          0 |       0 |    0 |    6 |      0 |      0 |    0 |          1 |
|           i_carryin4                 |        xbip_pipe_v3_0_6_viv__parameterized5_295 |          0 |          0 |       0 |    0 |    0 |      0 |      0 |    0 |          0 |
|           i_op3                      |        xbip_pipe_v3_0_6_viv__parameterized3_296 |          0 |          0 |       0 |    0 |    3 |      0 |      0 |    0 |          0 |
|           i_op4                      |        xbip_pipe_v3_0_6_viv__parameterized3_297 |          0 |          0 |       0 |    0 |    3 |      0 |      0 |    0 |          0 |
|           opt_8series.i_uniwrap      |                   xbip_dsp48e2_wrapper_v3_0_298 |          0 |          0 |       0 |    0 |    0 |      0 |      0 |    0 |          1 |
|   genblk2[3].u_first                 |                            dsp48_first_point_27 |          0 |          0 |       0 |    0 |    8 |      0 |      0 |    0 |          1 |
|     U0                               |     xbip_dsp48_macro_v3_0_18__parameterized1__4 |          0 |          0 |       0 |    0 |    8 |      0 |      0 |    0 |          1 |
|       i_synth                        | xbip_dsp48_macro_v3_0_18_viv__parameterized1__4 |          0 |          0 |       0 |    0 |    8 |      0 |      0 |    0 |          1 |
|         i_synth_option.i_synth_model |      xbip_dsp48_macro_synth__parameterized0_285 |          0 |          0 |       0 |    0 |    8 |      0 |      0 |    0 |          1 |
|           i_carryin4                 |        xbip_pipe_v3_0_6_viv__parameterized5_288 |          0 |          0 |       0 |    0 |    1 |      0 |      0 |    0 |          0 |
|           i_op3                      |        xbip_pipe_v3_0_6_viv__parameterized3_289 |          0 |          0 |       0 |    0 |    4 |      0 |      0 |    0 |          0 |
|           i_op4                      |        xbip_pipe_v3_0_6_viv__parameterized3_290 |          0 |          0 |       0 |    0 |    3 |      0 |      0 |    0 |          0 |
|           opt_8series.i_uniwrap      |                   xbip_dsp48e2_wrapper_v3_0_291 |          0 |          0 |       0 |    0 |    0 |      0 |      0 |    0 |          1 |
|   genblk2[3].u_last                  |                             dsp48_last_point_28 |          0 |          0 |       0 |    0 |    6 |      0 |      0 |    0 |          1 |
|     U0                               |     xbip_dsp48_macro_v3_0_18__parameterized3__4 |          0 |          0 |       0 |    0 |    6 |      0 |      0 |    0 |          1 |
|       i_synth                        | xbip_dsp48_macro_v3_0_18_viv__parameterized3__4 |          0 |          0 |       0 |    0 |    6 |      0 |      0 |    0 |          1 |
|         i_synth_option.i_synth_model |      xbip_dsp48_macro_synth__parameterized1_278 |          0 |          0 |       0 |    0 |    6 |      0 |      0 |    0 |          1 |
|           i_carryin4                 |        xbip_pipe_v3_0_6_viv__parameterized5_281 |          0 |          0 |       0 |    0 |    0 |      0 |      0 |    0 |          0 |
|           i_op3                      |        xbip_pipe_v3_0_6_viv__parameterized3_282 |          0 |          0 |       0 |    0 |    3 |      0 |      0 |    0 |          0 |
|           i_op4                      |        xbip_pipe_v3_0_6_viv__parameterized3_283 |          0 |          0 |       0 |    0 |    3 |      0 |      0 |    0 |          0 |
|           opt_8series.i_uniwrap      |                   xbip_dsp48e2_wrapper_v3_0_284 |          0 |          0 |       0 |    0 |    0 |      0 |      0 |    0 |          1 |
|   genblk2[4].genblk1[1].u_middle     |                           dsp48_middle_point_29 |          0 |          0 |       0 |    0 |    6 |      0 |      0 |    0 |          1 |
|     U0                               |                    xbip_dsp48_macro_v3_0_18__25 |          0 |          0 |       0 |    0 |    6 |      0 |      0 |    0 |          1 |
|       i_synth                        |                xbip_dsp48_macro_v3_0_18_viv__25 |          0 |          0 |       0 |    0 |    6 |      0 |      0 |    0 |          1 |
|         i_synth_option.i_synth_model |                      xbip_dsp48_macro_synth_271 |          0 |          0 |       0 |    0 |    6 |      0 |      0 |    0 |          1 |
|           i_carryin4                 |        xbip_pipe_v3_0_6_viv__parameterized5_274 |          0 |          0 |       0 |    0 |    0 |      0 |      0 |    0 |          0 |
|           i_op3                      |        xbip_pipe_v3_0_6_viv__parameterized3_275 |          0 |          0 |       0 |    0 |    3 |      0 |      0 |    0 |          0 |
|           i_op4                      |        xbip_pipe_v3_0_6_viv__parameterized3_276 |          0 |          0 |       0 |    0 |    3 |      0 |      0 |    0 |          0 |
|           opt_8series.i_uniwrap      |                   xbip_dsp48e2_wrapper_v3_0_277 |          0 |          0 |       0 |    0 |    0 |      0 |      0 |    0 |          1 |
|   genblk2[4].genblk1[2].u_middle     |                           dsp48_middle_point_30 |          0 |          0 |       0 |    0 |    6 |      0 |      0 |    0 |          1 |
|     U0                               |                    xbip_dsp48_macro_v3_0_18__26 |          0 |          0 |       0 |    0 |    6 |      0 |      0 |    0 |          1 |
|       i_synth                        |                xbip_dsp48_macro_v3_0_18_viv__26 |          0 |          0 |       0 |    0 |    6 |      0 |      0 |    0 |          1 |
|         i_synth_option.i_synth_model |                      xbip_dsp48_macro_synth_264 |          0 |          0 |       0 |    0 |    6 |      0 |      0 |    0 |          1 |
|           i_carryin4                 |        xbip_pipe_v3_0_6_viv__parameterized5_267 |          0 |          0 |       0 |    0 |    0 |      0 |      0 |    0 |          0 |
|           i_op3                      |        xbip_pipe_v3_0_6_viv__parameterized3_268 |          0 |          0 |       0 |    0 |    3 |      0 |      0 |    0 |          0 |
|           i_op4                      |        xbip_pipe_v3_0_6_viv__parameterized3_269 |          0 |          0 |       0 |    0 |    3 |      0 |      0 |    0 |          0 |
|           opt_8series.i_uniwrap      |                   xbip_dsp48e2_wrapper_v3_0_270 |          0 |          0 |       0 |    0 |    0 |      0 |      0 |    0 |          1 |
|   genblk2[4].genblk1[3].u_middle     |                           dsp48_middle_point_31 |          0 |          0 |       0 |    0 |    6 |      0 |      0 |    0 |          1 |
|     U0                               |                    xbip_dsp48_macro_v3_0_18__27 |          0 |          0 |       0 |    0 |    6 |      0 |      0 |    0 |          1 |
|       i_synth                        |                xbip_dsp48_macro_v3_0_18_viv__27 |          0 |          0 |       0 |    0 |    6 |      0 |      0 |    0 |          1 |
|         i_synth_option.i_synth_model |                      xbip_dsp48_macro_synth_257 |          0 |          0 |       0 |    0 |    6 |      0 |      0 |    0 |          1 |
|           i_carryin4                 |        xbip_pipe_v3_0_6_viv__parameterized5_260 |          0 |          0 |       0 |    0 |    0 |      0 |      0 |    0 |          0 |
|           i_op3                      |        xbip_pipe_v3_0_6_viv__parameterized3_261 |          0 |          0 |       0 |    0 |    3 |      0 |      0 |    0 |          0 |
|           i_op4                      |        xbip_pipe_v3_0_6_viv__parameterized3_262 |          0 |          0 |       0 |    0 |    3 |      0 |      0 |    0 |          0 |
|           opt_8series.i_uniwrap      |                   xbip_dsp48e2_wrapper_v3_0_263 |          0 |          0 |       0 |    0 |    0 |      0 |      0 |    0 |          1 |
|   genblk2[4].genblk1[4].u_middle     |                           dsp48_middle_point_32 |          0 |          0 |       0 |    0 |    6 |      0 |      0 |    0 |          1 |
|     U0                               |                    xbip_dsp48_macro_v3_0_18__28 |          0 |          0 |       0 |    0 |    6 |      0 |      0 |    0 |          1 |
|       i_synth                        |                xbip_dsp48_macro_v3_0_18_viv__28 |          0 |          0 |       0 |    0 |    6 |      0 |      0 |    0 |          1 |
|         i_synth_option.i_synth_model |                      xbip_dsp48_macro_synth_250 |          0 |          0 |       0 |    0 |    6 |      0 |      0 |    0 |          1 |
|           i_carryin4                 |        xbip_pipe_v3_0_6_viv__parameterized5_253 |          0 |          0 |       0 |    0 |    0 |      0 |      0 |    0 |          0 |
|           i_op3                      |        xbip_pipe_v3_0_6_viv__parameterized3_254 |          0 |          0 |       0 |    0 |    3 |      0 |      0 |    0 |          0 |
|           i_op4                      |        xbip_pipe_v3_0_6_viv__parameterized3_255 |          0 |          0 |       0 |    0 |    3 |      0 |      0 |    0 |          0 |
|           opt_8series.i_uniwrap      |                   xbip_dsp48e2_wrapper_v3_0_256 |          0 |          0 |       0 |    0 |    0 |      0 |      0 |    0 |          1 |
|   genblk2[4].genblk1[5].u_middle     |                           dsp48_middle_point_33 |          0 |          0 |       0 |    0 |    6 |      0 |      0 |    0 |          1 |
|     U0                               |                    xbip_dsp48_macro_v3_0_18__29 |          0 |          0 |       0 |    0 |    6 |      0 |      0 |    0 |          1 |
|       i_synth                        |                xbip_dsp48_macro_v3_0_18_viv__29 |          0 |          0 |       0 |    0 |    6 |      0 |      0 |    0 |          1 |
|         i_synth_option.i_synth_model |                      xbip_dsp48_macro_synth_243 |          0 |          0 |       0 |    0 |    6 |      0 |      0 |    0 |          1 |
|           i_carryin4                 |        xbip_pipe_v3_0_6_viv__parameterized5_246 |          0 |          0 |       0 |    0 |    0 |      0 |      0 |    0 |          0 |
|           i_op3                      |        xbip_pipe_v3_0_6_viv__parameterized3_247 |          0 |          0 |       0 |    0 |    3 |      0 |      0 |    0 |          0 |
|           i_op4                      |        xbip_pipe_v3_0_6_viv__parameterized3_248 |          0 |          0 |       0 |    0 |    3 |      0 |      0 |    0 |          0 |
|           opt_8series.i_uniwrap      |                   xbip_dsp48e2_wrapper_v3_0_249 |          0 |          0 |       0 |    0 |    0 |      0 |      0 |    0 |          1 |
|   genblk2[4].genblk1[6].u_middle     |                           dsp48_middle_point_34 |          0 |          0 |       0 |    0 |    6 |      0 |      0 |    0 |          1 |
|     U0                               |                    xbip_dsp48_macro_v3_0_18__30 |          0 |          0 |       0 |    0 |    6 |      0 |      0 |    0 |          1 |
|       i_synth                        |                xbip_dsp48_macro_v3_0_18_viv__30 |          0 |          0 |       0 |    0 |    6 |      0 |      0 |    0 |          1 |
|         i_synth_option.i_synth_model |                      xbip_dsp48_macro_synth_236 |          0 |          0 |       0 |    0 |    6 |      0 |      0 |    0 |          1 |
|           i_carryin4                 |        xbip_pipe_v3_0_6_viv__parameterized5_239 |          0 |          0 |       0 |    0 |    0 |      0 |      0 |    0 |          0 |
|           i_op3                      |        xbip_pipe_v3_0_6_viv__parameterized3_240 |          0 |          0 |       0 |    0 |    3 |      0 |      0 |    0 |          0 |
|           i_op4                      |        xbip_pipe_v3_0_6_viv__parameterized3_241 |          0 |          0 |       0 |    0 |    3 |      0 |      0 |    0 |          0 |
|           opt_8series.i_uniwrap      |                   xbip_dsp48e2_wrapper_v3_0_242 |          0 |          0 |       0 |    0 |    0 |      0 |      0 |    0 |          1 |
|   genblk2[4].u_first                 |                            dsp48_first_point_35 |          0 |          0 |       0 |    0 |    8 |      0 |      0 |    0 |          1 |
|     U0                               |     xbip_dsp48_macro_v3_0_18__parameterized1__5 |          0 |          0 |       0 |    0 |    8 |      0 |      0 |    0 |          1 |
|       i_synth                        | xbip_dsp48_macro_v3_0_18_viv__parameterized1__5 |          0 |          0 |       0 |    0 |    8 |      0 |      0 |    0 |          1 |
|         i_synth_option.i_synth_model |      xbip_dsp48_macro_synth__parameterized0_229 |          0 |          0 |       0 |    0 |    8 |      0 |      0 |    0 |          1 |
|           i_carryin4                 |        xbip_pipe_v3_0_6_viv__parameterized5_232 |          0 |          0 |       0 |    0 |    1 |      0 |      0 |    0 |          0 |
|           i_op3                      |        xbip_pipe_v3_0_6_viv__parameterized3_233 |          0 |          0 |       0 |    0 |    4 |      0 |      0 |    0 |          0 |
|           i_op4                      |        xbip_pipe_v3_0_6_viv__parameterized3_234 |          0 |          0 |       0 |    0 |    3 |      0 |      0 |    0 |          0 |
|           opt_8series.i_uniwrap      |                   xbip_dsp48e2_wrapper_v3_0_235 |          0 |          0 |       0 |    0 |    0 |      0 |      0 |    0 |          1 |
|   genblk2[4].u_last                  |                             dsp48_last_point_36 |         28 |         28 |       0 |    0 |    6 |      0 |      0 |    0 |          1 |
|     (genblk2[4].u_last)              |                             dsp48_last_point_36 |         28 |         28 |       0 |    0 |    0 |      0 |      0 |    0 |          0 |
|     U0                               |     xbip_dsp48_macro_v3_0_18__parameterized3__5 |          0 |          0 |       0 |    0 |    6 |      0 |      0 |    0 |          1 |
|       i_synth                        | xbip_dsp48_macro_v3_0_18_viv__parameterized3__5 |          0 |          0 |       0 |    0 |    6 |      0 |      0 |    0 |          1 |
|         i_synth_option.i_synth_model |      xbip_dsp48_macro_synth__parameterized1_222 |          0 |          0 |       0 |    0 |    6 |      0 |      0 |    0 |          1 |
|           i_carryin4                 |        xbip_pipe_v3_0_6_viv__parameterized5_225 |          0 |          0 |       0 |    0 |    0 |      0 |      0 |    0 |          0 |
|           i_op3                      |        xbip_pipe_v3_0_6_viv__parameterized3_226 |          0 |          0 |       0 |    0 |    3 |      0 |      0 |    0 |          0 |
|           i_op4                      |        xbip_pipe_v3_0_6_viv__parameterized3_227 |          0 |          0 |       0 |    0 |    3 |      0 |      0 |    0 |          0 |
|           opt_8series.i_uniwrap      |                   xbip_dsp48e2_wrapper_v3_0_228 |          0 |          0 |       0 |    0 |    0 |      0 |      0 |    0 |          1 |
|   genblk2[5].genblk1[1].u_middle     |                           dsp48_middle_point_37 |          0 |          0 |       0 |    0 |    6 |      0 |      0 |    0 |          1 |
|     U0                               |                    xbip_dsp48_macro_v3_0_18__31 |          0 |          0 |       0 |    0 |    6 |      0 |      0 |    0 |          1 |
|       i_synth                        |                xbip_dsp48_macro_v3_0_18_viv__31 |          0 |          0 |       0 |    0 |    6 |      0 |      0 |    0 |          1 |
|         i_synth_option.i_synth_model |                      xbip_dsp48_macro_synth_215 |          0 |          0 |       0 |    0 |    6 |      0 |      0 |    0 |          1 |
|           i_carryin4                 |        xbip_pipe_v3_0_6_viv__parameterized5_218 |          0 |          0 |       0 |    0 |    0 |      0 |      0 |    0 |          0 |
|           i_op3                      |        xbip_pipe_v3_0_6_viv__parameterized3_219 |          0 |          0 |       0 |    0 |    3 |      0 |      0 |    0 |          0 |
|           i_op4                      |        xbip_pipe_v3_0_6_viv__parameterized3_220 |          0 |          0 |       0 |    0 |    3 |      0 |      0 |    0 |          0 |
|           opt_8series.i_uniwrap      |                   xbip_dsp48e2_wrapper_v3_0_221 |          0 |          0 |       0 |    0 |    0 |      0 |      0 |    0 |          1 |
|   genblk2[5].genblk1[2].u_middle     |                           dsp48_middle_point_38 |          0 |          0 |       0 |    0 |    6 |      0 |      0 |    0 |          1 |
|     U0                               |                    xbip_dsp48_macro_v3_0_18__32 |          0 |          0 |       0 |    0 |    6 |      0 |      0 |    0 |          1 |
|       i_synth                        |                xbip_dsp48_macro_v3_0_18_viv__32 |          0 |          0 |       0 |    0 |    6 |      0 |      0 |    0 |          1 |
|         i_synth_option.i_synth_model |                      xbip_dsp48_macro_synth_208 |          0 |          0 |       0 |    0 |    6 |      0 |      0 |    0 |          1 |
|           i_carryin4                 |        xbip_pipe_v3_0_6_viv__parameterized5_211 |          0 |          0 |       0 |    0 |    0 |      0 |      0 |    0 |          0 |
|           i_op3                      |        xbip_pipe_v3_0_6_viv__parameterized3_212 |          0 |          0 |       0 |    0 |    3 |      0 |      0 |    0 |          0 |
|           i_op4                      |        xbip_pipe_v3_0_6_viv__parameterized3_213 |          0 |          0 |       0 |    0 |    3 |      0 |      0 |    0 |          0 |
|           opt_8series.i_uniwrap      |                   xbip_dsp48e2_wrapper_v3_0_214 |          0 |          0 |       0 |    0 |    0 |      0 |      0 |    0 |          1 |
|   genblk2[5].genblk1[3].u_middle     |                           dsp48_middle_point_39 |          0 |          0 |       0 |    0 |    6 |      0 |      0 |    0 |          1 |
|     U0                               |                    xbip_dsp48_macro_v3_0_18__33 |          0 |          0 |       0 |    0 |    6 |      0 |      0 |    0 |          1 |
|       i_synth                        |                xbip_dsp48_macro_v3_0_18_viv__33 |          0 |          0 |       0 |    0 |    6 |      0 |      0 |    0 |          1 |
|         i_synth_option.i_synth_model |                      xbip_dsp48_macro_synth_201 |          0 |          0 |       0 |    0 |    6 |      0 |      0 |    0 |          1 |
|           i_carryin4                 |        xbip_pipe_v3_0_6_viv__parameterized5_204 |          0 |          0 |       0 |    0 |    0 |      0 |      0 |    0 |          0 |
|           i_op3                      |        xbip_pipe_v3_0_6_viv__parameterized3_205 |          0 |          0 |       0 |    0 |    3 |      0 |      0 |    0 |          0 |
|           i_op4                      |        xbip_pipe_v3_0_6_viv__parameterized3_206 |          0 |          0 |       0 |    0 |    3 |      0 |      0 |    0 |          0 |
|           opt_8series.i_uniwrap      |                   xbip_dsp48e2_wrapper_v3_0_207 |          0 |          0 |       0 |    0 |    0 |      0 |      0 |    0 |          1 |
|   genblk2[5].genblk1[4].u_middle     |                           dsp48_middle_point_40 |          0 |          0 |       0 |    0 |    6 |      0 |      0 |    0 |          1 |
|     U0                               |                    xbip_dsp48_macro_v3_0_18__34 |          0 |          0 |       0 |    0 |    6 |      0 |      0 |    0 |          1 |
|       i_synth                        |                xbip_dsp48_macro_v3_0_18_viv__34 |          0 |          0 |       0 |    0 |    6 |      0 |      0 |    0 |          1 |
|         i_synth_option.i_synth_model |                      xbip_dsp48_macro_synth_194 |          0 |          0 |       0 |    0 |    6 |      0 |      0 |    0 |          1 |
|           i_carryin4                 |        xbip_pipe_v3_0_6_viv__parameterized5_197 |          0 |          0 |       0 |    0 |    0 |      0 |      0 |    0 |          0 |
|           i_op3                      |        xbip_pipe_v3_0_6_viv__parameterized3_198 |          0 |          0 |       0 |    0 |    3 |      0 |      0 |    0 |          0 |
|           i_op4                      |        xbip_pipe_v3_0_6_viv__parameterized3_199 |          0 |          0 |       0 |    0 |    3 |      0 |      0 |    0 |          0 |
|           opt_8series.i_uniwrap      |                   xbip_dsp48e2_wrapper_v3_0_200 |          0 |          0 |       0 |    0 |    0 |      0 |      0 |    0 |          1 |
|   genblk2[5].genblk1[5].u_middle     |                           dsp48_middle_point_41 |          0 |          0 |       0 |    0 |    6 |      0 |      0 |    0 |          1 |
|     U0                               |                    xbip_dsp48_macro_v3_0_18__35 |          0 |          0 |       0 |    0 |    6 |      0 |      0 |    0 |          1 |
|       i_synth                        |                xbip_dsp48_macro_v3_0_18_viv__35 |          0 |          0 |       0 |    0 |    6 |      0 |      0 |    0 |          1 |
|         i_synth_option.i_synth_model |                      xbip_dsp48_macro_synth_187 |          0 |          0 |       0 |    0 |    6 |      0 |      0 |    0 |          1 |
|           i_carryin4                 |        xbip_pipe_v3_0_6_viv__parameterized5_190 |          0 |          0 |       0 |    0 |    0 |      0 |      0 |    0 |          0 |
|           i_op3                      |        xbip_pipe_v3_0_6_viv__parameterized3_191 |          0 |          0 |       0 |    0 |    3 |      0 |      0 |    0 |          0 |
|           i_op4                      |        xbip_pipe_v3_0_6_viv__parameterized3_192 |          0 |          0 |       0 |    0 |    3 |      0 |      0 |    0 |          0 |
|           opt_8series.i_uniwrap      |                   xbip_dsp48e2_wrapper_v3_0_193 |          0 |          0 |       0 |    0 |    0 |      0 |      0 |    0 |          1 |
|   genblk2[5].genblk1[6].u_middle     |                           dsp48_middle_point_42 |          0 |          0 |       0 |    0 |    6 |      0 |      0 |    0 |          1 |
|     U0                               |                    xbip_dsp48_macro_v3_0_18__36 |          0 |          0 |       0 |    0 |    6 |      0 |      0 |    0 |          1 |
|       i_synth                        |                xbip_dsp48_macro_v3_0_18_viv__36 |          0 |          0 |       0 |    0 |    6 |      0 |      0 |    0 |          1 |
|         i_synth_option.i_synth_model |                      xbip_dsp48_macro_synth_180 |          0 |          0 |       0 |    0 |    6 |      0 |      0 |    0 |          1 |
|           i_carryin4                 |        xbip_pipe_v3_0_6_viv__parameterized5_183 |          0 |          0 |       0 |    0 |    0 |      0 |      0 |    0 |          0 |
|           i_op3                      |        xbip_pipe_v3_0_6_viv__parameterized3_184 |          0 |          0 |       0 |    0 |    3 |      0 |      0 |    0 |          0 |
|           i_op4                      |        xbip_pipe_v3_0_6_viv__parameterized3_185 |          0 |          0 |       0 |    0 |    3 |      0 |      0 |    0 |          0 |
|           opt_8series.i_uniwrap      |                   xbip_dsp48e2_wrapper_v3_0_186 |          0 |          0 |       0 |    0 |    0 |      0 |      0 |    0 |          1 |
|   genblk2[5].u_first                 |                            dsp48_first_point_43 |          0 |          0 |       0 |    0 |    8 |      0 |      0 |    0 |          1 |
|     U0                               |     xbip_dsp48_macro_v3_0_18__parameterized1__6 |          0 |          0 |       0 |    0 |    8 |      0 |      0 |    0 |          1 |
|       i_synth                        | xbip_dsp48_macro_v3_0_18_viv__parameterized1__6 |          0 |          0 |       0 |    0 |    8 |      0 |      0 |    0 |          1 |
|         i_synth_option.i_synth_model |      xbip_dsp48_macro_synth__parameterized0_173 |          0 |          0 |       0 |    0 |    8 |      0 |      0 |    0 |          1 |
|           i_carryin4                 |        xbip_pipe_v3_0_6_viv__parameterized5_176 |          0 |          0 |       0 |    0 |    1 |      0 |      0 |    0 |          0 |
|           i_op3                      |        xbip_pipe_v3_0_6_viv__parameterized3_177 |          0 |          0 |       0 |    0 |    4 |      0 |      0 |    0 |          0 |
|           i_op4                      |        xbip_pipe_v3_0_6_viv__parameterized3_178 |          0 |          0 |       0 |    0 |    3 |      0 |      0 |    0 |          0 |
|           opt_8series.i_uniwrap      |                   xbip_dsp48e2_wrapper_v3_0_179 |          0 |          0 |       0 |    0 |    0 |      0 |      0 |    0 |          1 |
|   genblk2[5].u_last                  |                             dsp48_last_point_44 |          0 |          0 |       0 |    0 |    6 |      0 |      0 |    0 |          1 |
|     U0                               |     xbip_dsp48_macro_v3_0_18__parameterized3__6 |          0 |          0 |       0 |    0 |    6 |      0 |      0 |    0 |          1 |
|       i_synth                        | xbip_dsp48_macro_v3_0_18_viv__parameterized3__6 |          0 |          0 |       0 |    0 |    6 |      0 |      0 |    0 |          1 |
|         i_synth_option.i_synth_model |      xbip_dsp48_macro_synth__parameterized1_166 |          0 |          0 |       0 |    0 |    6 |      0 |      0 |    0 |          1 |
|           i_carryin4                 |        xbip_pipe_v3_0_6_viv__parameterized5_169 |          0 |          0 |       0 |    0 |    0 |      0 |      0 |    0 |          0 |
|           i_op3                      |        xbip_pipe_v3_0_6_viv__parameterized3_170 |          0 |          0 |       0 |    0 |    3 |      0 |      0 |    0 |          0 |
|           i_op4                      |        xbip_pipe_v3_0_6_viv__parameterized3_171 |          0 |          0 |       0 |    0 |    3 |      0 |      0 |    0 |          0 |
|           opt_8series.i_uniwrap      |                   xbip_dsp48e2_wrapper_v3_0_172 |          0 |          0 |       0 |    0 |    0 |      0 |      0 |    0 |          1 |
|   genblk2[6].genblk1[1].u_middle     |                           dsp48_middle_point_45 |          0 |          0 |       0 |    0 |    6 |      0 |      0 |    0 |          1 |
|     U0                               |                    xbip_dsp48_macro_v3_0_18__37 |          0 |          0 |       0 |    0 |    6 |      0 |      0 |    0 |          1 |
|       i_synth                        |                xbip_dsp48_macro_v3_0_18_viv__37 |          0 |          0 |       0 |    0 |    6 |      0 |      0 |    0 |          1 |
|         i_synth_option.i_synth_model |                      xbip_dsp48_macro_synth_159 |          0 |          0 |       0 |    0 |    6 |      0 |      0 |    0 |          1 |
|           i_carryin4                 |        xbip_pipe_v3_0_6_viv__parameterized5_162 |          0 |          0 |       0 |    0 |    0 |      0 |      0 |    0 |          0 |
|           i_op3                      |        xbip_pipe_v3_0_6_viv__parameterized3_163 |          0 |          0 |       0 |    0 |    3 |      0 |      0 |    0 |          0 |
|           i_op4                      |        xbip_pipe_v3_0_6_viv__parameterized3_164 |          0 |          0 |       0 |    0 |    3 |      0 |      0 |    0 |          0 |
|           opt_8series.i_uniwrap      |                   xbip_dsp48e2_wrapper_v3_0_165 |          0 |          0 |       0 |    0 |    0 |      0 |      0 |    0 |          1 |
|   genblk2[6].genblk1[2].u_middle     |                           dsp48_middle_point_46 |          0 |          0 |       0 |    0 |    6 |      0 |      0 |    0 |          1 |
|     U0                               |                    xbip_dsp48_macro_v3_0_18__38 |          0 |          0 |       0 |    0 |    6 |      0 |      0 |    0 |          1 |
|       i_synth                        |                xbip_dsp48_macro_v3_0_18_viv__38 |          0 |          0 |       0 |    0 |    6 |      0 |      0 |    0 |          1 |
|         i_synth_option.i_synth_model |                      xbip_dsp48_macro_synth_152 |          0 |          0 |       0 |    0 |    6 |      0 |      0 |    0 |          1 |
|           i_carryin4                 |        xbip_pipe_v3_0_6_viv__parameterized5_155 |          0 |          0 |       0 |    0 |    0 |      0 |      0 |    0 |          0 |
|           i_op3                      |        xbip_pipe_v3_0_6_viv__parameterized3_156 |          0 |          0 |       0 |    0 |    3 |      0 |      0 |    0 |          0 |
|           i_op4                      |        xbip_pipe_v3_0_6_viv__parameterized3_157 |          0 |          0 |       0 |    0 |    3 |      0 |      0 |    0 |          0 |
|           opt_8series.i_uniwrap      |                   xbip_dsp48e2_wrapper_v3_0_158 |          0 |          0 |       0 |    0 |    0 |      0 |      0 |    0 |          1 |
|   genblk2[6].genblk1[3].u_middle     |                           dsp48_middle_point_47 |          0 |          0 |       0 |    0 |    6 |      0 |      0 |    0 |          1 |
|     U0                               |                    xbip_dsp48_macro_v3_0_18__39 |          0 |          0 |       0 |    0 |    6 |      0 |      0 |    0 |          1 |
|       i_synth                        |                xbip_dsp48_macro_v3_0_18_viv__39 |          0 |          0 |       0 |    0 |    6 |      0 |      0 |    0 |          1 |
|         i_synth_option.i_synth_model |                      xbip_dsp48_macro_synth_145 |          0 |          0 |       0 |    0 |    6 |      0 |      0 |    0 |          1 |
|           i_carryin4                 |        xbip_pipe_v3_0_6_viv__parameterized5_148 |          0 |          0 |       0 |    0 |    0 |      0 |      0 |    0 |          0 |
|           i_op3                      |        xbip_pipe_v3_0_6_viv__parameterized3_149 |          0 |          0 |       0 |    0 |    3 |      0 |      0 |    0 |          0 |
|           i_op4                      |        xbip_pipe_v3_0_6_viv__parameterized3_150 |          0 |          0 |       0 |    0 |    3 |      0 |      0 |    0 |          0 |
|           opt_8series.i_uniwrap      |                   xbip_dsp48e2_wrapper_v3_0_151 |          0 |          0 |       0 |    0 |    0 |      0 |      0 |    0 |          1 |
|   genblk2[6].genblk1[4].u_middle     |                           dsp48_middle_point_48 |          0 |          0 |       0 |    0 |    6 |      0 |      0 |    0 |          1 |
|     U0                               |                    xbip_dsp48_macro_v3_0_18__40 |          0 |          0 |       0 |    0 |    6 |      0 |      0 |    0 |          1 |
|       i_synth                        |                xbip_dsp48_macro_v3_0_18_viv__40 |          0 |          0 |       0 |    0 |    6 |      0 |      0 |    0 |          1 |
|         i_synth_option.i_synth_model |                      xbip_dsp48_macro_synth_138 |          0 |          0 |       0 |    0 |    6 |      0 |      0 |    0 |          1 |
|           i_carryin4                 |        xbip_pipe_v3_0_6_viv__parameterized5_141 |          0 |          0 |       0 |    0 |    0 |      0 |      0 |    0 |          0 |
|           i_op3                      |        xbip_pipe_v3_0_6_viv__parameterized3_142 |          0 |          0 |       0 |    0 |    3 |      0 |      0 |    0 |          0 |
|           i_op4                      |        xbip_pipe_v3_0_6_viv__parameterized3_143 |          0 |          0 |       0 |    0 |    3 |      0 |      0 |    0 |          0 |
|           opt_8series.i_uniwrap      |                   xbip_dsp48e2_wrapper_v3_0_144 |          0 |          0 |       0 |    0 |    0 |      0 |      0 |    0 |          1 |
|   genblk2[6].genblk1[5].u_middle     |                           dsp48_middle_point_49 |          0 |          0 |       0 |    0 |    6 |      0 |      0 |    0 |          1 |
|     U0                               |                    xbip_dsp48_macro_v3_0_18__41 |          0 |          0 |       0 |    0 |    6 |      0 |      0 |    0 |          1 |
|       i_synth                        |                xbip_dsp48_macro_v3_0_18_viv__41 |          0 |          0 |       0 |    0 |    6 |      0 |      0 |    0 |          1 |
|         i_synth_option.i_synth_model |                      xbip_dsp48_macro_synth_131 |          0 |          0 |       0 |    0 |    6 |      0 |      0 |    0 |          1 |
|           i_carryin4                 |        xbip_pipe_v3_0_6_viv__parameterized5_134 |          0 |          0 |       0 |    0 |    0 |      0 |      0 |    0 |          0 |
|           i_op3                      |        xbip_pipe_v3_0_6_viv__parameterized3_135 |          0 |          0 |       0 |    0 |    3 |      0 |      0 |    0 |          0 |
|           i_op4                      |        xbip_pipe_v3_0_6_viv__parameterized3_136 |          0 |          0 |       0 |    0 |    3 |      0 |      0 |    0 |          0 |
|           opt_8series.i_uniwrap      |                   xbip_dsp48e2_wrapper_v3_0_137 |          0 |          0 |       0 |    0 |    0 |      0 |      0 |    0 |          1 |
|   genblk2[6].genblk1[6].u_middle     |                           dsp48_middle_point_50 |          0 |          0 |       0 |    0 |    6 |      0 |      0 |    0 |          1 |
|     U0                               |                    xbip_dsp48_macro_v3_0_18__42 |          0 |          0 |       0 |    0 |    6 |      0 |      0 |    0 |          1 |
|       i_synth                        |                xbip_dsp48_macro_v3_0_18_viv__42 |          0 |          0 |       0 |    0 |    6 |      0 |      0 |    0 |          1 |
|         i_synth_option.i_synth_model |                      xbip_dsp48_macro_synth_124 |          0 |          0 |       0 |    0 |    6 |      0 |      0 |    0 |          1 |
|           i_carryin4                 |        xbip_pipe_v3_0_6_viv__parameterized5_127 |          0 |          0 |       0 |    0 |    0 |      0 |      0 |    0 |          0 |
|           i_op3                      |        xbip_pipe_v3_0_6_viv__parameterized3_128 |          0 |          0 |       0 |    0 |    3 |      0 |      0 |    0 |          0 |
|           i_op4                      |        xbip_pipe_v3_0_6_viv__parameterized3_129 |          0 |          0 |       0 |    0 |    3 |      0 |      0 |    0 |          0 |
|           opt_8series.i_uniwrap      |                   xbip_dsp48e2_wrapper_v3_0_130 |          0 |          0 |       0 |    0 |    0 |      0 |      0 |    0 |          1 |
|   genblk2[6].u_first                 |                            dsp48_first_point_51 |          0 |          0 |       0 |    0 |    8 |      0 |      0 |    0 |          1 |
|     U0                               |     xbip_dsp48_macro_v3_0_18__parameterized1__7 |          0 |          0 |       0 |    0 |    8 |      0 |      0 |    0 |          1 |
|       i_synth                        | xbip_dsp48_macro_v3_0_18_viv__parameterized1__7 |          0 |          0 |       0 |    0 |    8 |      0 |      0 |    0 |          1 |
|         i_synth_option.i_synth_model |      xbip_dsp48_macro_synth__parameterized0_117 |          0 |          0 |       0 |    0 |    8 |      0 |      0 |    0 |          1 |
|           i_carryin4                 |        xbip_pipe_v3_0_6_viv__parameterized5_120 |          0 |          0 |       0 |    0 |    1 |      0 |      0 |    0 |          0 |
|           i_op3                      |        xbip_pipe_v3_0_6_viv__parameterized3_121 |          0 |          0 |       0 |    0 |    4 |      0 |      0 |    0 |          0 |
|           i_op4                      |        xbip_pipe_v3_0_6_viv__parameterized3_122 |          0 |          0 |       0 |    0 |    3 |      0 |      0 |    0 |          0 |
|           opt_8series.i_uniwrap      |                   xbip_dsp48e2_wrapper_v3_0_123 |          0 |          0 |       0 |    0 |    0 |      0 |      0 |    0 |          1 |
|   genblk2[6].u_last                  |                             dsp48_last_point_52 |         28 |         28 |       0 |    0 |    6 |      0 |      0 |    0 |          1 |
|     (genblk2[6].u_last)              |                             dsp48_last_point_52 |         28 |         28 |       0 |    0 |    0 |      0 |      0 |    0 |          0 |
|     U0                               |     xbip_dsp48_macro_v3_0_18__parameterized3__7 |          0 |          0 |       0 |    0 |    6 |      0 |      0 |    0 |          1 |
|       i_synth                        | xbip_dsp48_macro_v3_0_18_viv__parameterized3__7 |          0 |          0 |       0 |    0 |    6 |      0 |      0 |    0 |          1 |
|         i_synth_option.i_synth_model |      xbip_dsp48_macro_synth__parameterized1_110 |          0 |          0 |       0 |    0 |    6 |      0 |      0 |    0 |          1 |
|           i_carryin4                 |        xbip_pipe_v3_0_6_viv__parameterized5_113 |          0 |          0 |       0 |    0 |    0 |      0 |      0 |    0 |          0 |
|           i_op3                      |        xbip_pipe_v3_0_6_viv__parameterized3_114 |          0 |          0 |       0 |    0 |    3 |      0 |      0 |    0 |          0 |
|           i_op4                      |        xbip_pipe_v3_0_6_viv__parameterized3_115 |          0 |          0 |       0 |    0 |    3 |      0 |      0 |    0 |          0 |
|           opt_8series.i_uniwrap      |                   xbip_dsp48e2_wrapper_v3_0_116 |          0 |          0 |       0 |    0 |    0 |      0 |      0 |    0 |          1 |
|   genblk2[7].genblk1[1].u_middle     |                           dsp48_middle_point_53 |          0 |          0 |       0 |    0 |    6 |      0 |      0 |    0 |          1 |
|     U0                               |                    xbip_dsp48_macro_v3_0_18__43 |          0 |          0 |       0 |    0 |    6 |      0 |      0 |    0 |          1 |
|       i_synth                        |                xbip_dsp48_macro_v3_0_18_viv__43 |          0 |          0 |       0 |    0 |    6 |      0 |      0 |    0 |          1 |
|         i_synth_option.i_synth_model |                      xbip_dsp48_macro_synth_103 |          0 |          0 |       0 |    0 |    6 |      0 |      0 |    0 |          1 |
|           i_carryin4                 |        xbip_pipe_v3_0_6_viv__parameterized5_106 |          0 |          0 |       0 |    0 |    0 |      0 |      0 |    0 |          0 |
|           i_op3                      |        xbip_pipe_v3_0_6_viv__parameterized3_107 |          0 |          0 |       0 |    0 |    3 |      0 |      0 |    0 |          0 |
|           i_op4                      |        xbip_pipe_v3_0_6_viv__parameterized3_108 |          0 |          0 |       0 |    0 |    3 |      0 |      0 |    0 |          0 |
|           opt_8series.i_uniwrap      |                   xbip_dsp48e2_wrapper_v3_0_109 |          0 |          0 |       0 |    0 |    0 |      0 |      0 |    0 |          1 |
|   genblk2[7].genblk1[2].u_middle     |                           dsp48_middle_point_54 |          0 |          0 |       0 |    0 |    6 |      0 |      0 |    0 |          1 |
|     U0                               |                    xbip_dsp48_macro_v3_0_18__44 |          0 |          0 |       0 |    0 |    6 |      0 |      0 |    0 |          1 |
|       i_synth                        |                xbip_dsp48_macro_v3_0_18_viv__44 |          0 |          0 |       0 |    0 |    6 |      0 |      0 |    0 |          1 |
|         i_synth_option.i_synth_model |                       xbip_dsp48_macro_synth_96 |          0 |          0 |       0 |    0 |    6 |      0 |      0 |    0 |          1 |
|           i_carryin4                 |         xbip_pipe_v3_0_6_viv__parameterized5_99 |          0 |          0 |       0 |    0 |    0 |      0 |      0 |    0 |          0 |
|           i_op3                      |        xbip_pipe_v3_0_6_viv__parameterized3_100 |          0 |          0 |       0 |    0 |    3 |      0 |      0 |    0 |          0 |
|           i_op4                      |        xbip_pipe_v3_0_6_viv__parameterized3_101 |          0 |          0 |       0 |    0 |    3 |      0 |      0 |    0 |          0 |
|           opt_8series.i_uniwrap      |                   xbip_dsp48e2_wrapper_v3_0_102 |          0 |          0 |       0 |    0 |    0 |      0 |      0 |    0 |          1 |
|   genblk2[7].genblk1[3].u_middle     |                           dsp48_middle_point_55 |          0 |          0 |       0 |    0 |    6 |      0 |      0 |    0 |          1 |
|     U0                               |                    xbip_dsp48_macro_v3_0_18__45 |          0 |          0 |       0 |    0 |    6 |      0 |      0 |    0 |          1 |
|       i_synth                        |                xbip_dsp48_macro_v3_0_18_viv__45 |          0 |          0 |       0 |    0 |    6 |      0 |      0 |    0 |          1 |
|         i_synth_option.i_synth_model |                       xbip_dsp48_macro_synth_89 |          0 |          0 |       0 |    0 |    6 |      0 |      0 |    0 |          1 |
|           i_carryin4                 |         xbip_pipe_v3_0_6_viv__parameterized5_92 |          0 |          0 |       0 |    0 |    0 |      0 |      0 |    0 |          0 |
|           i_op3                      |         xbip_pipe_v3_0_6_viv__parameterized3_93 |          0 |          0 |       0 |    0 |    3 |      0 |      0 |    0 |          0 |
|           i_op4                      |         xbip_pipe_v3_0_6_viv__parameterized3_94 |          0 |          0 |       0 |    0 |    3 |      0 |      0 |    0 |          0 |
|           opt_8series.i_uniwrap      |                    xbip_dsp48e2_wrapper_v3_0_95 |          0 |          0 |       0 |    0 |    0 |      0 |      0 |    0 |          1 |
|   genblk2[7].genblk1[4].u_middle     |                           dsp48_middle_point_56 |          0 |          0 |       0 |    0 |    6 |      0 |      0 |    0 |          1 |
|     U0                               |                    xbip_dsp48_macro_v3_0_18__46 |          0 |          0 |       0 |    0 |    6 |      0 |      0 |    0 |          1 |
|       i_synth                        |                xbip_dsp48_macro_v3_0_18_viv__46 |          0 |          0 |       0 |    0 |    6 |      0 |      0 |    0 |          1 |
|         i_synth_option.i_synth_model |                       xbip_dsp48_macro_synth_82 |          0 |          0 |       0 |    0 |    6 |      0 |      0 |    0 |          1 |
|           i_carryin4                 |         xbip_pipe_v3_0_6_viv__parameterized5_85 |          0 |          0 |       0 |    0 |    0 |      0 |      0 |    0 |          0 |
|           i_op3                      |         xbip_pipe_v3_0_6_viv__parameterized3_86 |          0 |          0 |       0 |    0 |    3 |      0 |      0 |    0 |          0 |
|           i_op4                      |         xbip_pipe_v3_0_6_viv__parameterized3_87 |          0 |          0 |       0 |    0 |    3 |      0 |      0 |    0 |          0 |
|           opt_8series.i_uniwrap      |                    xbip_dsp48e2_wrapper_v3_0_88 |          0 |          0 |       0 |    0 |    0 |      0 |      0 |    0 |          1 |
|   genblk2[7].genblk1[5].u_middle     |                           dsp48_middle_point_57 |          0 |          0 |       0 |    0 |    6 |      0 |      0 |    0 |          1 |
|     U0                               |                    xbip_dsp48_macro_v3_0_18__47 |          0 |          0 |       0 |    0 |    6 |      0 |      0 |    0 |          1 |
|       i_synth                        |                xbip_dsp48_macro_v3_0_18_viv__47 |          0 |          0 |       0 |    0 |    6 |      0 |      0 |    0 |          1 |
|         i_synth_option.i_synth_model |                       xbip_dsp48_macro_synth_75 |          0 |          0 |       0 |    0 |    6 |      0 |      0 |    0 |          1 |
|           i_carryin4                 |         xbip_pipe_v3_0_6_viv__parameterized5_78 |          0 |          0 |       0 |    0 |    0 |      0 |      0 |    0 |          0 |
|           i_op3                      |         xbip_pipe_v3_0_6_viv__parameterized3_79 |          0 |          0 |       0 |    0 |    3 |      0 |      0 |    0 |          0 |
|           i_op4                      |         xbip_pipe_v3_0_6_viv__parameterized3_80 |          0 |          0 |       0 |    0 |    3 |      0 |      0 |    0 |          0 |
|           opt_8series.i_uniwrap      |                    xbip_dsp48e2_wrapper_v3_0_81 |          0 |          0 |       0 |    0 |    0 |      0 |      0 |    0 |          1 |
|   genblk2[7].genblk1[6].u_middle     |                           dsp48_middle_point_58 |          0 |          0 |       0 |    0 |    6 |      0 |      0 |    0 |          1 |
|     U0                               |                        xbip_dsp48_macro_v3_0_18 |          0 |          0 |       0 |    0 |    6 |      0 |      0 |    0 |          1 |
|       i_synth                        |                    xbip_dsp48_macro_v3_0_18_viv |          0 |          0 |       0 |    0 |    6 |      0 |      0 |    0 |          1 |
|         i_synth_option.i_synth_model |                          xbip_dsp48_macro_synth |          0 |          0 |       0 |    0 |    6 |      0 |      0 |    0 |          1 |
|           i_carryin4                 |         xbip_pipe_v3_0_6_viv__parameterized5_71 |          0 |          0 |       0 |    0 |    0 |      0 |      0 |    0 |          0 |
|           i_op3                      |         xbip_pipe_v3_0_6_viv__parameterized3_72 |          0 |          0 |       0 |    0 |    3 |      0 |      0 |    0 |          0 |
|           i_op4                      |         xbip_pipe_v3_0_6_viv__parameterized3_73 |          0 |          0 |       0 |    0 |    3 |      0 |      0 |    0 |          0 |
|           opt_8series.i_uniwrap      |                    xbip_dsp48e2_wrapper_v3_0_74 |          0 |          0 |       0 |    0 |    0 |      0 |      0 |    0 |          1 |
|   genblk2[7].u_first                 |                            dsp48_first_point_59 |          0 |          0 |       0 |    0 |    8 |      0 |      0 |    0 |          1 |
|     U0                               |        xbip_dsp48_macro_v3_0_18__parameterized1 |          0 |          0 |       0 |    0 |    8 |      0 |      0 |    0 |          1 |
|       i_synth                        |    xbip_dsp48_macro_v3_0_18_viv__parameterized1 |          0 |          0 |       0 |    0 |    8 |      0 |      0 |    0 |          1 |
|         i_synth_option.i_synth_model |          xbip_dsp48_macro_synth__parameterized0 |          0 |          0 |       0 |    0 |    8 |      0 |      0 |    0 |          1 |
|           i_carryin4                 |         xbip_pipe_v3_0_6_viv__parameterized5_65 |          0 |          0 |       0 |    0 |    1 |      0 |      0 |    0 |          0 |
|           i_op3                      |         xbip_pipe_v3_0_6_viv__parameterized3_66 |          0 |          0 |       0 |    0 |    4 |      0 |      0 |    0 |          0 |
|           i_op4                      |         xbip_pipe_v3_0_6_viv__parameterized3_67 |          0 |          0 |       0 |    0 |    3 |      0 |      0 |    0 |          0 |
|           opt_8series.i_uniwrap      |                    xbip_dsp48e2_wrapper_v3_0_68 |          0 |          0 |       0 |    0 |    0 |      0 |      0 |    0 |          1 |
|   genblk2[7].u_last                  |                             dsp48_last_point_60 |          0 |          0 |       0 |    0 |    6 |      0 |      0 |    0 |          1 |
|     U0                               |        xbip_dsp48_macro_v3_0_18__parameterized3 |          0 |          0 |       0 |    0 |    6 |      0 |      0 |    0 |          1 |
|       i_synth                        |    xbip_dsp48_macro_v3_0_18_viv__parameterized3 |          0 |          0 |       0 |    0 |    6 |      0 |      0 |    0 |          1 |
|         i_synth_option.i_synth_model |          xbip_dsp48_macro_synth__parameterized1 |          0 |          0 |       0 |    0 |    6 |      0 |      0 |    0 |          1 |
|           i_carryin4                 |         xbip_pipe_v3_0_6_viv__parameterized5_61 |          0 |          0 |       0 |    0 |    0 |      0 |      0 |    0 |          0 |
|           i_op3                      |            xbip_pipe_v3_0_6_viv__parameterized3 |          0 |          0 |       0 |    0 |    3 |      0 |      0 |    0 |          0 |
|           i_op4                      |         xbip_pipe_v3_0_6_viv__parameterized3_62 |          0 |          0 |       0 |    0 |    3 |      0 |      0 |    0 |          0 |
|           opt_8series.i_uniwrap      |                       xbip_dsp48e2_wrapper_v3_0 |          0 |          0 |       0 |    0 |    0 |      0 |      0 |    0 |          1 |
+--------------------------------------+-------------------------------------------------+------------+------------+---------+------+------+--------+--------+------+------------+
* Note: The sum of lower-level cells may be larger than their parent cells total, due to cross-hierarchy LUT combining


